Component: ARM Compiler 5.06 update 6 (build 750) Tool: armlink [4d35ed]

==============================================================================

Section Cross References

    startup_stm32f411xe.o(RESET) refers to startup_stm32f411xe.o(STACK) for __initial_sp
    startup_stm32f411xe.o(RESET) refers to startup_stm32f411xe.o(.text) for Reset_Handler
    startup_stm32f411xe.o(RESET) refers to stm32f4xx_it.o(i.NMI_Handler) for NMI_Handler
    startup_stm32f411xe.o(RESET) refers to stm32f4xx_it.o(i.HardFault_Handler) for HardFault_Handler
    startup_stm32f411xe.o(RESET) refers to stm32f4xx_it.o(i.MemManage_Handler) for MemManage_Handler
    startup_stm32f411xe.o(RESET) refers to stm32f4xx_it.o(i.BusFault_Handler) for BusFault_Handler
    startup_stm32f411xe.o(RESET) refers to stm32f4xx_it.o(i.UsageFault_Handler) for UsageFault_Handler
    startup_stm32f411xe.o(RESET) refers to stm32f4xx_it.o(i.SVC_Handler) for SVC_Handler
    startup_stm32f411xe.o(RESET) refers to stm32f4xx_it.o(i.DebugMon_Handler) for DebugMon_Handler
    startup_stm32f411xe.o(RESET) refers to stm32f4xx_it.o(i.PendSV_Handler) for PendSV_Handler
    startup_stm32f411xe.o(RESET) refers to stm32f4xx_it.o(i.SysTick_Handler) for SysTick_Handler
    startup_stm32f411xe.o(RESET) refers to stm32f4xx_it.o(i.EXTI1_IRQHandler) for EXTI1_IRQHandler
    startup_stm32f411xe.o(RESET) refers to stm32f4xx_it.o(i.EXTI2_IRQHandler) for EXTI2_IRQHandler
    startup_stm32f411xe.o(RESET) refers to stm32f4xx_it.o(i.EXTI3_IRQHandler) for EXTI3_IRQHandler
    startup_stm32f411xe.o(RESET) refers to stm32f4xx_it.o(i.EXTI4_IRQHandler) for EXTI4_IRQHandler
    startup_stm32f411xe.o(RESET) refers to stm32f4xx_it.o(i.ADC_IRQHandler) for ADC_IRQHandler
    startup_stm32f411xe.o(RESET) refers to stm32f4xx_it.o(i.EXTI9_5_IRQHandler) for EXTI9_5_IRQHandler
    startup_stm32f411xe.o(RESET) refers to stm32f4xx_it.o(i.OTG_FS_IRQHandler) for OTG_FS_IRQHandler
    startup_stm32f411xe.o(.text) refers to system_stm32f4xx.o(i.SystemInit) for SystemInit
    startup_stm32f411xe.o(.text) refers to entry.o(.ARM.Collect$$$$00000000) for __main
    main.o(i.GMM) refers to stm32f4xx_hal.o(i.HAL_Delay) for HAL_Delay
    main.o(i.GMM) refers to stm32f4xx_hal_gpio.o(i.HAL_GPIO_ReadPin) for HAL_GPIO_ReadPin
    main.o(i.GMM) refers to stm32f4xx_hal_adc.o(i.HAL_ADC_Start_IT) for HAL_ADC_Start_IT
    main.o(i.GMM) refers to stm32f4xx_hal_adc.o(i.HAL_ADC_Stop_IT) for HAL_ADC_Stop_IT
    main.o(i.GMM) refers to stm32f4xx_hal.o(i.HAL_GetTick) for HAL_GetTick
    main.o(i.GMM) refers to stm32f4xx_hal_gpio.o(i.HAL_GPIO_TogglePin) for HAL_GPIO_TogglePin
    main.o(i.GMM) refers to stm32f4xx_hal_gpio.o(i.HAL_GPIO_WritePin) for HAL_GPIO_WritePin
    main.o(i.GMM) refers to main.o(.bss) for .bss
    main.o(i.HAL_ADC_ConvCpltCallback) refers to stm32f4xx_hal_adc.o(i.HAL_ADC_GetValue) for HAL_ADC_GetValue
    main.o(i.HAL_ADC_ConvCpltCallback) refers to main.o(.bss) for .bss
    main.o(i.HAL_ADC_ConvCpltCallback) refers to main.o(.data) for .data
    main.o(i.HAL_GPIO_EXTI_Callback) refers to stm32f4xx_hal_gpio.o(i.HAL_GPIO_TogglePin) for HAL_GPIO_TogglePin
    main.o(i.HAL_GPIO_EXTI_Callback) refers to main.o(.bss) for .bss
    main.o(i.MX_ADC1_Init) refers to stm32f4xx_hal_adc.o(i.HAL_ADC_Init) for HAL_ADC_Init
    main.o(i.MX_ADC1_Init) refers to stm32f4xx_hal_adc.o(i.HAL_ADC_ConfigChannel) for HAL_ADC_ConfigChannel
    main.o(i.MX_ADC1_Init) refers to main.o(.bss) for .bss
    main.o(i.MX_GPIO_Init) refers to memseta.o(.text) for __aeabi_memclr4
    main.o(i.MX_GPIO_Init) refers to stm32f4xx_hal_gpio.o(i.HAL_GPIO_WritePin) for HAL_GPIO_WritePin
    main.o(i.MX_GPIO_Init) refers to stm32f4xx_hal_gpio.o(i.HAL_GPIO_Init) for HAL_GPIO_Init
    main.o(i.MX_GPIO_Init) refers to stm32f4xx_hal_cortex.o(i.HAL_NVIC_SetPriority) for HAL_NVIC_SetPriority
    main.o(i.MX_GPIO_Init) refers to stm32f4xx_hal_cortex.o(i.HAL_NVIC_EnableIRQ) for HAL_NVIC_EnableIRQ
    main.o(i.MX_SPI1_Init) refers to stm32f4xx_hal_spi.o(i.HAL_SPI_Init) for HAL_SPI_Init
    main.o(i.MX_SPI1_Init) refers to main.o(.bss) for .bss
    main.o(i.MX_TIM1_Init) refers to memseta.o(.text) for __aeabi_memclr4
    main.o(i.MX_TIM1_Init) refers to stm32f4xx_hal_tim.o(i.HAL_TIM_PWM_Init) for HAL_TIM_PWM_Init
    main.o(i.MX_TIM1_Init) refers to stm32f4xx_hal_tim_ex.o(i.HAL_TIMEx_MasterConfigSynchronization) for HAL_TIMEx_MasterConfigSynchronization
    main.o(i.MX_TIM1_Init) refers to stm32f4xx_hal_tim.o(i.HAL_TIM_PWM_ConfigChannel) for HAL_TIM_PWM_ConfigChannel
    main.o(i.MX_TIM1_Init) refers to stm32f4xx_hal_tim_ex.o(i.HAL_TIMEx_ConfigBreakDeadTime) for HAL_TIMEx_ConfigBreakDeadTime
    main.o(i.MX_TIM1_Init) refers to stm32f4xx_hal_msp.o(i.HAL_TIM_MspPostInit) for HAL_TIM_MspPostInit
    main.o(i.MX_TIM1_Init) refers to main.o(.bss) for .bss
    main.o(i.Marcha) refers to stm32f4xx_hal_gpio.o(i.HAL_GPIO_WritePin) for HAL_GPIO_WritePin
    main.o(i.Marcha) refers to main.o(.bss) for .bss
[...]
    startup_stm32f411xe.s                    0x00000000   Number         0  startup_stm32f411xe.o ABSOLUTE
    RESET                                    0x08000000   Section      408  startup_stm32f411xe.o(RESET)
    .ARM.Collect$$$$00000000                 0x08000198   Section        0  entry.o(.ARM.Collect$$$$00000000)
    .ARM.Collect$$$$00000001                 0x08000198   Section        4  entry2.o(.ARM.Collect$$$$00000001)
    .ARM.Collect$$$$00000004                 0x0800019c   Section        4  entry5.o(.ARM.Collect$$$$00000004)
    .ARM.Collect$$$$00000008                 0x080001a0   Section        0  entry7b.o(.ARM.Collect$$$$00000008)
    .ARM.Collect$$$$0000000A                 0x080001a0   Section        0  entry8b.o(.ARM.Collect$$$$0000000A)
    .ARM.Collect$$$$0000000B                 0x080001a0   Section        8  entry9a.o(.ARM.Collect$$$$0000000B)
    .ARM.Collect$$$$0000000D                 0x080001a8   Section        0  entry10a.o(.ARM.Collect$$$$0000000D)
    .ARM.Collect$$$$0000000F                 0x080001a8   Section        0  entry11a.o(.ARM.Collect$$$$0000000F)
    .ARM.Collect$$$$00002712                 0x080001a8   Section        4  entry2.o(.ARM.Collect$$$$00002712)
    __lit__00000000                          0x080001a8   Data           4  entry2.o(.ARM.Collect$$$$00002712)
    .text                                    0x080001ac   Section       36  startup_stm32f411xe.o(.text)
    $v0                                      0x080001ac   Number         0  startup_stm32f411xe.o(.text)
    .text                                    0x080001d0   Section        0  uldiv.o(.text)
    .text                                    0x08000232   Section        0  memcpya.o(.text)
    .text                                    0x08000256   Section        0  memseta.o(.text)
    .text                                    0x0800027a   Section        0  llshl.o(.text)
    .text                                    0x08000298   Section        0  llushr.o(.text)
    .text                                    0x080002b8   Section       36  init.o(.text)
    i.ADC_IRQHandler                         0x080002dc   Section        0  stm32f4xx_it.o(i.ADC_IRQHandler)
    i.ADC_Init                               0x080002e8   Section        0  stm32f4xx_hal_adc.o(i.ADC_Init)
    ADC_Init                                 0x080002e9   Thumb Code   284  stm32f4xx_hal_adc.o(i.ADC_Init)
    i.BusFault_Handler                       0x08000410   Section        0  stm32f4xx_it.o(i.BusFault_Handler)
    i.CDC_ProcessReception                   0x08000414   Section        0  usbh_cdc.o(i.CDC_ProcessReception)
    CDC_ProcessReception                     0x08000415   Thumb Code   104  usbh_cdc.o(i.CDC_ProcessReception)
    i.CDC_ProcessTransmission                0x0800047c   Section        0  usbh_cdc.o(i.CDC_ProcessTransmission)
    CDC_ProcessTransmission                  0x0800047d   Thumb Code   114  usbh_cdc.o(i.CDC_ProcessTransmission)
    i.DeInitStateMachine                     0x080004f0   Section        0  usbh_core.o(i.DeInitStateMachine)
    DeInitStateMachine                       0x080004f1   Thumb Code    72  usbh_core.o(i.DeInitStateMachine)
    i.DebugMon_Handler                       0x08000538   Section        0  stm32f4xx_it.o(i.DebugMon_Handler)
    i.EXTI1_IRQHandler                       0x0800053a   Section        0  stm32f4xx_it.o(i.EXTI1_IRQHandler)
    i.EXTI2_IRQHandler                       0x08000540   Section        0  stm32f4xx_it.o(i.EXTI2_IRQHandler)
    i.EXTI3_IRQHandler                       0x08000546   Section        0  stm32f4xx_it.o(i.EXTI3_IRQHandler)
    i.EXTI4_IRQHandler                       0x0800054c   Section        0  stm32f4xx_it.o(i.EXTI4_IRQHandler)
    i.EXTI9_5_IRQHandler                     0x08000552   Section        0  stm32f4xx_it.o(i.EXTI9_5_IRQHandler)
    i.Error_Handler                          0x08000564   Section        0  main.o(i.Error_Handler)
    i.GMM                                    0x08000568   Section        0  main.o(i.GMM)
    i.GetLineCoding                          0x08000674   Section        0  usbh_cdc.o(i.GetLineCoding)
    GetLineCoding                            0x08000675   Thumb Code    22  usbh_cdc.o(i.GetLineCoding)
    i.HAL_ADCEx_InjectedConvCpltCallback     0x0800068a   Section        0  stm32f4xx_hal_adc_ex.o(i.HAL_ADCEx_InjectedConvCpltCallback)
    i.HAL_ADC_ConfigChannel                  0x0800068c   Section        0  stm32f4xx_hal_adc.o(i.HAL_ADC_ConfigChannel)
    i.HAL_ADC_ConvCpltCallback               0x080007f0   Section        0  main.o(i.HAL_ADC_ConvCpltCallback)
    i.HAL_ADC_ErrorCallback                  0x08000814   Section        0  stm32f4xx_hal_adc.o(i.HAL_ADC_ErrorCallback)
    i.HAL_ADC_GetValue                       0x08000816   Section        0  stm32f4xx_hal_adc.o(i.HAL_ADC_GetValue)
    i.HAL_ADC_IRQHandler                     0x0800081c   Section        0  stm32f4xx_hal_adc.o(i.HAL_ADC_IRQHandler)
    i.HAL_ADC_Init                           0x08000958   Section        0  stm32f4xx_hal_adc.o(i.HAL_ADC_Init)
    i.HAL_ADC_LevelOutOfWindowCallback       0x080009ac   Section        0  stm32f4xx_hal_adc.o(i.HAL_ADC_LevelOutOfWindowCallback)
    i.HAL_ADC_MspInit                        0x080009b0   Section        0  stm32f4xx_hal_msp.o(i.HAL_ADC_MspInit)
    i.HAL_ADC_Start_IT                       0x08000a20   Section        0  stm32f4xx_hal_adc.o(i.HAL_ADC_Start_IT)
    i.HAL_ADC_Stop_IT                        0x08000ae8   Section        0  stm32f4xx_hal_adc.o(i.HAL_ADC_Stop_IT)
    i.HAL_Delay                              0x08000b30   Section        0  stm32f4xx_hal.o(i.HAL_Delay)
    i.HAL_GPIO_EXTI_Callback                 0x08000b54   Section        0  main.o(i.HAL_GPIO_EXTI_Callback)
    i.HAL_GPIO_EXTI_IRQHandler               0x08000b98   Section        0  stm32f4xx_hal_gpio.o(i.HAL_GPIO_EXTI_IRQHandler)
    i.HAL_GPIO_Init                          0x08000bb0   Section        0  stm32f4xx_hal_gpio.o(i.HAL_GPIO_Init)
    i.HAL_GPIO_ReadPin                       0x08000d44   Section        0  stm32f4xx_hal_gpio.o(i.HAL_GPIO_ReadPin)
    i.HAL_GPIO_TogglePin                     0x08000d4e   Section        0  stm32f4xx_hal_gpio.o(i.HAL_GPIO_TogglePin)
    i.HAL_GPIO_WritePin                      0x08000d5c   Section        0  stm32f4xx_hal_gpio.o(i.HAL_GPIO_WritePin)
    i.HAL_GetTick                            0x08000d68   Section        0  stm32f4xx_hal.o(i.HAL_GetTick)
    i.HAL_HCD_Connect_Callback               0x08000d74   Section        0  usbh_conf.o(i.HAL_HCD_Connect_Callback)
    i.HAL_HCD_Disconnect_Callback            0x08000d7c   Section        0  usbh_conf.o(i.HAL_HCD_Disconnect_Callback)
    i.HAL_HCD_GetCurrentFrame                0x08000d84   Section        0  stm32f4xx_hal_hcd.o(i.HAL_HCD_GetCurrentFrame)
    i.HAL_HCD_GetCurrentSpeed                0x08000d8a   Section        0  stm32f4xx_hal_hcd.o(i.HAL_HCD_GetCurrentSpeed)
    i.HAL_HCD_HC_GetURBState                 0x08000d90   Section        0  stm32f4xx_hal_hcd.o(i.HAL_HCD_HC_GetURBState)
    i.HAL_HCD_HC_GetXferCount                0x08000d9e   Section        0  stm32f4xx_hal_hcd.o(i.HAL_HCD_HC_GetXferCount)
    i.HAL_HCD_HC_Halt                        0x08000daa   Section        0  stm32f4xx_hal_hcd.o(i.HAL_HCD_HC_Halt)
    i.HAL_HCD_HC_Init                        0x08000dce   Section        0  stm32f4xx_hal_hcd.o(i.HAL_HCD_HC_Init)
    i.HAL_HCD_HC_NotifyURBChange_Callback    0x08000e40   Section        0  usbh_conf.o(i.HAL_HCD_HC_NotifyURBChange_Callback)
    i.HAL_HCD_HC_SubmitRequest               0x08000e42   Section        0  stm32f4xx_hal_hcd.o(i.HAL_HCD_HC_SubmitRequest)
    i.HAL_HCD_IRQHandler                     0x08000ed0   Section        0  stm32f4xx_hal_hcd.o(i.HAL_HCD_IRQHandler)
    i.HAL_HCD_Init                           0x08001002   Section        0  stm32f4xx_hal_hcd.o(i.HAL_HCD_Init)
    i.HAL_HCD_MspInit                        0x08001074   Section        0  usbh_conf.o(i.HAL_HCD_MspInit)
    i.HAL_HCD_PortDisabled_Callback          0x0800110c   Section        0  usbh_conf.o(i.HAL_HCD_PortDisabled_Callback)
    i.HAL_HCD_PortEnabled_Callback           0x08001114   Section        0  usbh_conf.o(i.HAL_HCD_PortEnabled_Callback)
    i.HAL_HCD_ResetPort                      0x0800111c   Section        0  stm32f4xx_hal_hcd.o(i.HAL_HCD_ResetPort)
    i.HAL_HCD_SOF_Callback                   0x08001122   Section        0  usbh_conf.o(i.HAL_HCD_SOF_Callback)
    i.HAL_HCD_Start                          0x0800112a   Section        0  stm32f4xx_hal_hcd.o(i.HAL_HCD_Start)
    i.HAL_HCD_Stop                           0x08001156   Section        0  stm32f4xx_hal_hcd.o(i.HAL_HCD_Stop)
    i.HAL_I2C_Init                           0x0800117c   Section        0  stm32f4xx_hal_i2c.o(i.HAL_I2C_Init)
    i.HAL_I2C_MspInit                        0x08001304   Section        0  stm32f4xx_hal_msp.o(i.HAL_I2C_MspInit)
    i.HAL_I2SEx_FullDuplex_IRQHandler        0x08001370   Section        0  stm32f4xx_hal_i2s_ex.o(i.HAL_I2SEx_FullDuplex_IRQHandler)
    i.HAL_I2SEx_TxRxCpltCallback             0x08001564   Section        0  stm32f4xx_hal_i2s_ex.o(i.HAL_I2SEx_TxRxCpltCallback)
    i.HAL_I2S_ErrorCallback                  0x08001566   Section        0  stm32f4xx_hal_i2s.o(i.HAL_I2S_ErrorCallback)
    i.HAL_I2S_Init                           0x08001568   Section        0  stm32f4xx_hal_i2s.o(i.HAL_I2S_Init)
    i.HAL_I2S_MspInit                        0x080016dc   Section        0  stm32f4xx_hal_msp.o(i.HAL_I2S_MspInit)
    i.HAL_I2S_RxCpltCallback                 0x0800176c   Section        0  stm32f4xx_hal_i2s.o(i.HAL_I2S_RxCpltCallback)
    i.HAL_I2S_TxCpltCallback                 0x0800176e   Section        0  stm32f4xx_hal_i2s.o(i.HAL_I2S_TxCpltCallback)
    i.HAL_IncTick                            0x08001770   Section        0  stm32f4xx_hal.o(i.HAL_IncTick)
    i.HAL_Init                               0x08001780   Section        0  stm32f4xx_hal.o(i.HAL_Init)
    i.HAL_InitTick                           0x080017b4   Section        0  stm32f4xx_hal.o(i.HAL_InitTick)
    i.HAL_MspInit                            0x080017f4   Section        0  stm32f4xx_hal_msp.o(i.HAL_MspInit)
    i.HAL_NVIC_EnableIRQ                     0x08001824   Section        0  stm32f4xx_hal_cortex.o(i.HAL_NVIC_EnableIRQ)
    i.HAL_NVIC_SetPriority                   0x08001840   Section        0  stm32f4xx_hal_cortex.o(i.HAL_NVIC_SetPriority)
    i.HAL_NVIC_SetPriorityGrouping           0x08001880   Section        0  stm32f4xx_hal_cortex.o(i.HAL_NVIC_SetPriorityGrouping)
    i.HAL_RCCEx_GetPeriphCLKFreq             0x080018a4   Section        0  stm32f4xx_hal_rcc_ex.o(i.HAL_RCCEx_GetPeriphCLKFreq)
    i.HAL_RCCEx_PeriphCLKConfig              0x08001904   Section        0  stm32f4xx_hal_rcc_ex.o(i.HAL_RCCEx_PeriphCLKConfig)
    i.HAL_RCC_ClockConfig                    0x08001a58   Section        0  stm32f4xx_hal_rcc.o(i.HAL_RCC_ClockConfig)
    i.HAL_RCC_GetPCLK1Freq                   0x08001b8c   Section        0  stm32f4xx_hal_rcc.o(i.HAL_RCC_GetPCLK1Freq)
    i.HAL_RCC_GetSysClockFreq                0x08001bac   Section        0  stm32f4xx_hal_rcc.o(i.HAL_RCC_GetSysClockFreq)
    i.HAL_RCC_OscConfig                      0x08001c0c   Section        0  stm32f4xx_hal_rcc.o(i.HAL_RCC_OscConfig)
    i.HAL_SPI_Init                           0x08001f68   Section        0  stm32f4xx_hal_spi.o(i.HAL_SPI_Init)
    i.HAL_SPI_MspInit                        0x08001fe8   Section        0  stm32f4xx_hal_msp.o(i.HAL_SPI_MspInit)
    i.HAL_SYSTICK_Config                     0x08002050   Section        0  stm32f4xx_hal_cortex.o(i.HAL_SYSTICK_Config)
    i.HAL_TIMEx_ConfigBreakDeadTime          0x08002078   Section        0  stm32f4xx_hal_tim_ex.o(i.HAL_TIMEx_ConfigBreakDeadTime)
    i.HAL_TIMEx_MasterConfigSynchronization  0x080020cc   Section        0  stm32f4xx_hal_tim_ex.o(i.HAL_TIMEx_MasterConfigSynchronization)
    i.HAL_TIM_MspPostInit                    0x08002148   Section        0  stm32f4xx_hal_msp.o(i.HAL_TIM_MspPostInit)
    i.HAL_TIM_PWM_ConfigChannel              0x080021c0   Section        0  stm32f4xx_hal_tim.o(i.HAL_TIM_PWM_ConfigChannel)
    i.HAL_TIM_PWM_Init                       0x08002290   Section        0  stm32f4xx_hal_tim.o(i.HAL_TIM_PWM_Init)
    i.HAL_TIM_PWM_MspInit                    0x080022c8   Section        0  stm32f4xx_hal_msp.o(i.HAL_TIM_PWM_MspInit)
    i.HAL_TIM_PWM_Start                      0x080022f0   Section        0  stm32f4xx_hal_tim.o(i.HAL_TIM_PWM_Start)
    i.HCD_HC_IN_IRQHandler                   0x08002328   Section        0  stm32f4xx_hal_hcd.o(i.HCD_HC_IN_IRQHandler)
    HCD_HC_IN_IRQHandler                     0x08002329   Thumb Code   556  stm32f4xx_hal_hcd.o(i.HCD_HC_IN_IRQHandler)
    i.HCD_HC_OUT_IRQHandler                  0x08002554   Section        0  stm32f4xx_hal_hcd.o(i.HCD_HC_OUT_IRQHandler)
    HCD_HC_OUT_IRQHandler                    0x08002555   Thumb Code   580  stm32f4xx_hal_hcd.o(i.HCD_HC_OUT_IRQHandler)
    i.HCD_Port_IRQHandler                    0x08002798   Section        0  stm32f4xx_hal_hcd.o(i.HCD_Port_IRQHandler)
    HCD_Port_IRQHandler                      0x08002799   Thumb Code   184  stm32f4xx_hal_hcd.o(i.HCD_Port_IRQHandler)
    i.HCD_RXQLVL_IRQHandler                  0x08002850   Section        0  stm32f4xx_hal_hcd.o(i.HCD_RXQLVL_IRQHandler)
    HCD_RXQLVL_IRQHandler                    0x08002851   Thumb Code   108  stm32f4xx_hal_hcd.o(i.HCD_RXQLVL_IRQHandler)
    i.HardFault_Handler                      0x080028c0   Section        0  stm32f4xx_it.o(i.HardFault_Handler)
    i.I2SEx_RxISR_I2SExt                     0x080028c4   Section        0  stm32f4xx_hal_i2s_ex.o(i.I2SEx_RxISR_I2SExt)
    I2SEx_RxISR_I2SExt                       0x080028c5   Thumb Code    88  stm32f4xx_hal_i2s_ex.o(i.I2SEx_RxISR_I2SExt)
    i.I2SEx_TxISR_I2SExt                     0x08002924   Section        0  stm32f4xx_hal_i2s_ex.o(i.I2SEx_TxISR_I2SExt)
    I2SEx_TxISR_I2SExt                       0x08002925   Thumb Code    88  stm32f4xx_hal_i2s_ex.o(i.I2SEx_TxISR_I2SExt)
    i.I2S_IRQHandler                         0x08002984   Section        0  stm32f4xx_hal_i2s.o(i.I2S_IRQHandler)
    I2S_IRQHandler                           0x08002985   Thumb Code   242  stm32f4xx_hal_i2s.o(i.I2S_IRQHandler)
    i.MX_ADC1_Init                           0x08002a78   Section        0  main.o(i.MX_ADC1_Init)
    MX_ADC1_Init                             0x08002a79   Thumb Code    76  main.o(i.MX_ADC1_Init)
    i.MX_DriverVbusFS                        0x08002ad0   Section        0  usbh_platform.o(i.MX_DriverVbusFS)
    i.MX_GPIO_Init                           0x08002ae4   Section        0  main.o(i.MX_GPIO_Init)
    MX_GPIO_Init                             0x08002ae5   Thumb Code   456  main.o(i.MX_GPIO_Init)
    i.MX_SPI1_Init                           0x08002ccc   Section        0  main.o(i.MX_SPI1_Init)
    MX_SPI1_Init                             0x08002ccd   Thumb Code    44  main.o(i.MX_SPI1_Init)
    i.MX_TIM1_Init                           0x08002d00   Section        0  main.o(i.MX_TIM1_Init)
    MX_TIM1_Init                             0x08002d01   Thumb Code   126  main.o(i.MX_TIM1_Init)
    i.MX_USB_HOST_Init                       0x08002d88   Section        0  usb_host.o(i.MX_USB_HOST_Init)
    i.MX_USB_HOST_Process                    0x08002dc8   Section        0  usb_host.o(i.MX_USB_HOST_Process)
    i.Marcha                                 0x08002dd4   Section        0  main.o(i.Marcha)
    i.MemManage_Handler                      0x08002e50   Section        0  stm32f4xx_it.o(i.MemManage_Handler)
    i.ModoAutomatico                         0x08002e54   Section        0  main.o(i.ModoAutomatico)
    i.ModoManual                             0x08002f8c   Section        0  main.o(i.ModoManual)
    i.NMI_Handler                            0x080030e0   Section        0  stm32f4xx_it.o(i.NMI_Handler)
    i.OTG_FS_IRQHandler                      0x080030e4   Section        0  stm32f4xx_it.o(i.OTG_FS_IRQHandler)
    i.PendSV_Handler                         0x080030f0   Section        0  stm32f4xx_it.o(i.PendSV_Handler)
    i.SVC_Handler                            0x080030f2   Section        0  stm32f4xx_it.o(i.SVC_Handler)
    i.SysTick_Handler                        0x080030f4   Section        0  stm32f4xx_it.o(i.SysTick_Handler)
    i.SystemClock_Config                     0x080030f8   Section        0  main.o(i.SystemClock_Config)
    i.SystemInit                             0x08003198   Section        0  system_stm32f4xx.o(i.SystemInit)
    i.TIM_Base_SetConfig                     0x080031b4   Section        0  stm32f4xx_hal_tim.o(i.TIM_Base_SetConfig)
    i.TIM_CCxChannelCmd                      0x0800324c   Section        0  stm32f4xx_hal_tim.o(i.TIM_CCxChannelCmd)
    i.TIM_OC1_SetConfig                      0x08003268   Section        0  stm32f4xx_hal_tim.o(i.TIM_OC1_SetConfig)
    TIM_OC1_SetConfig                        0x08003269   Thumb Code    74  stm32f4xx_hal_tim.o(i.TIM_OC1_SetConfig)
    i.TIM_OC2_SetConfig                      0x080032b8   Section        0  stm32f4xx_hal_tim.o(i.TIM_OC2_SetConfig)
    i.TIM_OC3_SetConfig                      0x08003310   Section        0  stm32f4xx_hal_tim.o(i.TIM_OC3_SetConfig)
    TIM_OC3_SetConfig                        0x08003311   Thumb Code    82  stm32f4xx_hal_tim.o(i.TIM_OC3_SetConfig)
    i.TIM_OC4_SetConfig                      0x08003368   Section        0  stm32f4xx_hal_tim.o(i.TIM_OC4_SetConfig)
    TIM_OC4_SetConfig                        0x08003369   Thumb Code    64  stm32f4xx_hal_tim.o(i.TIM_OC4_SetConfig)
    i.USBH_AllocPipe                         0x080033ac   Section        0  usbh_pipes.o(i.USBH_AllocPipe)
    i.USBH_BulkReceiveData                   0x080033e0   Section        0  usbh_ioreq.o(i.USBH_BulkReceiveData)
    i.USBH_BulkSendData                      0x08003400   Section        0  usbh_ioreq.o(i.USBH_BulkSendData)
    i.USBH_CDC_ClassRequest                  0x08003428   Section        0  usbh_cdc.o(i.USBH_CDC_ClassRequest)
    USBH_CDC_ClassRequest                    0x08003429   Thumb Code    36  usbh_cdc.o(i.USBH_CDC_ClassRequest)
    i.USBH_CDC_InterfaceDeInit               0x0800344c   Section        0  usbh_cdc.o(i.USBH_CDC_InterfaceDeInit)
    USBH_CDC_InterfaceDeInit                 0x0800344d   Thumb Code    94  usbh_cdc.o(i.USBH_CDC_InterfaceDeInit)
    i.USBH_CDC_InterfaceInit                 0x080034aa   Section        0  usbh_cdc.o(i.USBH_CDC_InterfaceInit)
    USBH_CDC_InterfaceInit                   0x080034ab   Thumb Code   308  usbh_cdc.o(i.USBH_CDC_InterfaceInit)
    i.USBH_CDC_LineCodingChanged             0x080035de   Section        0  usbh_cdc.o(i.USBH_CDC_LineCodingChanged)
    i.USBH_CDC_Process                       0x080035e0   Section        0  usbh_cdc.o(i.USBH_CDC_Process)
    USBH_CDC_Process                         0x080035e1   Thumb Code   184  usbh_cdc.o(i.USBH_CDC_Process)
    i.USBH_CDC_ReceiveCallback               0x08003698   Section        0  usbh_cdc.o(i.USBH_CDC_ReceiveCallback)
    i.USBH_CDC_SOFProcess                    0x0800369a   Section        0  usbh_cdc.o(i.USBH_CDC_SOFProcess)
    USBH_CDC_SOFProcess                      0x0800369b   Thumb Code     4  usbh_cdc.o(i.USBH_CDC_SOFProcess)
    i.USBH_CDC_TransmitCallback              0x0800369e   Section        0  usbh_cdc.o(i.USBH_CDC_TransmitCallback)
    i.USBH_ClosePipe                         0x080036a0   Section        0  usbh_pipes.o(i.USBH_ClosePipe)
    i.USBH_ClrFeature                        0x080036aa   Section        0  usbh_ctlreq.o(i.USBH_ClrFeature)
    i.USBH_CtlReceiveData                    0x080036c8   Section        0  usbh_ioreq.o(i.USBH_CtlReceiveData)
    i.USBH_CtlReq                            0x080036e6   Section        0  usbh_ctlreq.o(i.USBH_CtlReq)
    i.USBH_CtlSendData                       0x08003720   Section        0  usbh_ioreq.o(i.USBH_CtlSendData)
    i.USBH_CtlSendSetup                      0x08003748   Section        0  usbh_ioreq.o(i.USBH_CtlSendSetup)
    i.USBH_Delay                             0x08003766   Section        0  usbh_conf.o(i.USBH_Delay)
    i.USBH_FindInterface                     0x0800376c   Section        0  usbh_core.o(i.USBH_FindInterface)
    i.USBH_FreePipe                          0x080037b0   Section        0  usbh_pipes.o(i.USBH_FreePipe)
    i.USBH_GetDescriptor                     0x080037c8   Section        0  usbh_ctlreq.o(i.USBH_GetDescriptor)
    i.USBH_GetNextDesc                       0x080037fc   Section        0  usbh_ctlreq.o(i.USBH_GetNextDesc)
    i.USBH_Get_CfgDesc                       0x0800380a   Section        0  usbh_ctlreq.o(i.USBH_Get_CfgDesc)
    i.USBH_Get_DevDesc                       0x08003836   Section        0  usbh_ctlreq.o(i.USBH_Get_DevDesc)
    i.USBH_Get_StringDesc                    0x080038c6   Section        0  usbh_ctlreq.o(i.USBH_Get_StringDesc)
    i.USBH_Get_USB_Status                    0x0800390e   Section        0  usbh_conf.o(i.USBH_Get_USB_Status)
    i.USBH_HandleControl                     0x08003926   Section        0  usbh_ctlreq.o(i.USBH_HandleControl)
    USBH_HandleControl                       0x08003927   Thumb Code   394  usbh_ctlreq.o(i.USBH_HandleControl)
    i.USBH_HandleEnum                        0x08003ab0   Section        0  usbh_core.o(i.USBH_HandleEnum)
    USBH_HandleEnum                          0x08003ab1   Thumb Code   242  usbh_core.o(i.USBH_HandleEnum)
    i.USBH_Init                              0x08003ba2   Section        0  usbh_core.o(i.USBH_Init)
    i.USBH_LL_ClosePipe                      0x08003bd2   Section        0  usbh_conf.o(i.USBH_LL_ClosePipe)
    i.USBH_LL_Connect                        0x08003be4   Section        0  usbh_core.o(i.USBH_LL_Connect)
    i.USBH_LL_Disconnect                     0x08003c0e   Section        0  usbh_core.o(i.USBH_LL_Disconnect)
    i.USBH_LL_DriverVBUS                     0x08003c46   Section        0  usbh_conf.o(i.USBH_LL_DriverVBUS)
    i.USBH_LL_GetLastXferSize                0x08003c60   Section        0  usbh_conf.o(i.USBH_LL_GetLastXferSize)
    i.USBH_LL_GetSpeed                       0x08003c68   Section        0  usbh_conf.o(i.USBH_LL_GetSpeed)
    i.USBH_LL_GetURBState                    0x08003c8a   Section        0  usbh_conf.o(i.USBH_LL_GetURBState)
    i.USBH_LL_IncTimer                       0x08003c92   Section        0  usbh_core.o(i.USBH_LL_IncTimer)
    i.USBH_LL_Init                           0x08003cb0   Section        0  usbh_conf.o(i.USBH_LL_Init)
    i.USBH_LL_OpenPipe                       0x08003d00   Section        0  usbh_conf.o(i.USBH_LL_OpenPipe)
    i.USBH_LL_PortDisabled                   0x08003d1c   Section        0  usbh_core.o(i.USBH_LL_PortDisabled)
    i.USBH_LL_PortEnabled                    0x08003d24   Section        0  usbh_core.o(i.USBH_LL_PortEnabled)
    i.USBH_LL_ResetPort                      0x08003d2c   Section        0  usbh_conf.o(i.USBH_LL_ResetPort)
    i.USBH_LL_SetTimer                       0x08003d3e   Section        0  usbh_core.o(i.USBH_LL_SetTimer)
    i.USBH_LL_SetToggle                      0x08003d44   Section        0  usbh_conf.o(i.USBH_LL_SetToggle)
    i.USBH_LL_Start                          0x08003d64   Section        0  usbh_conf.o(i.USBH_LL_Start)
    i.USBH_LL_Stop                           0x08003d76   Section        0  usbh_conf.o(i.USBH_LL_Stop)
    i.USBH_LL_SubmitURB                      0x08003d88   Section        0  usbh_conf.o(i.USBH_LL_SubmitURB)
    i.USBH_OpenPipe                          0x08003daa   Section        0  usbh_pipes.o(i.USBH_OpenPipe)
    i.USBH_ParseCfgDesc                      0x08003dbe   Section        0  usbh_ctlreq.o(i.USBH_ParseCfgDesc)
    USBH_ParseCfgDesc                        0x08003dbf   Thumb Code   220  usbh_ctlreq.o(i.USBH_ParseCfgDesc)
    i.USBH_Process                           0x08003e9a   Section        0  usbh_core.o(i.USBH_Process)
    i.USBH_RegisterClass                     0x0800403a   Section        0  usbh_core.o(i.USBH_RegisterClass)
    i.USBH_SelectInterface                   0x08004056   Section        0  usbh_core.o(i.USBH_SelectInterface)
    i.USBH_SetAddress                        0x0800406c   Section        0  usbh_ctlreq.o(i.USBH_SetAddress)
    i.USBH_SetCfg                            0x08004088   Section        0  usbh_ctlreq.o(i.USBH_SetCfg)
    i.USBH_SetFeature                        0x080040a4   Section        0  usbh_ctlreq.o(i.USBH_SetFeature)
    i.USBH_Start                             0x080040c0   Section        0  usbh_core.o(i.USBH_Start)
    i.USBH_UserProcess                       0x080040d4   Section        0  usb_host.o(i.USBH_UserProcess)
    USBH_UserProcess                         0x080040d5   Thumb Code    28  usb_host.o(i.USBH_UserProcess)
    i.USB_CoreInit                           0x080040f4   Section        0  stm32f4xx_ll_usb.o(i.USB_CoreInit)
    i.USB_CoreReset                          0x08004168   Section        0  stm32f4xx_ll_usb.o(i.USB_CoreReset)
    USB_CoreReset                            0x08004169   Thumb Code    50  stm32f4xx_ll_usb.o(i.USB_CoreReset)
    i.USB_DisableGlobalInt                   0x080041a0   Section        0  stm32f4xx_ll_usb.o(i.USB_DisableGlobalInt)
    i.USB_DoPing                             0x080041ac   Section        0  stm32f4xx_ll_usb.o(i.USB_DoPing)
    i.USB_DriveVbus                          0x080041d0   Section        0  stm32f4xx_ll_usb.o(i.USB_DriveVbus)
    i.USB_EnableGlobalInt                    0x080041fc   Section        0  stm32f4xx_ll_usb.o(i.USB_EnableGlobalInt)
    i.USB_FlushRxFifo                        0x08004208   Section        0  stm32f4xx_ll_usb.o(i.USB_FlushRxFifo)
    i.USB_FlushTxFifo                        0x08004228   Section        0  stm32f4xx_ll_usb.o(i.USB_FlushTxFifo)
    i.USB_GetCurrentFrame                    0x0800424c   Section        0  stm32f4xx_ll_usb.o(i.USB_GetCurrentFrame)
    i.USB_GetHostSpeed                       0x08004254   Section        0  stm32f4xx_ll_usb.o(i.USB_GetHostSpeed)
    i.USB_GetMode                            0x08004262   Section        0  stm32f4xx_ll_usb.o(i.USB_GetMode)
    i.USB_HC_Halt                            0x0800426a   Section        0  stm32f4xx_ll_usb.o(i.USB_HC_Halt)
    i.USB_HC_Init                            0x0800432c   Section        0  stm32f4xx_ll_usb.o(i.USB_HC_Init)
    i.USB_HC_ReadInterrupt                   0x0800441c   Section        0  stm32f4xx_ll_usb.o(i.USB_HC_ReadInterrupt)
    i.USB_HC_StartXfer                       0x08004424   Section        0  stm32f4xx_ll_usb.o(i.USB_HC_StartXfer)
    i.USB_HostInit                           0x08004574   Section        0  stm32f4xx_ll_usb.o(i.USB_HostInit)
    i.USB_InitFSLSPClkSel                    0x0800464c   Section        0  stm32f4xx_ll_usb.o(i.USB_InitFSLSPClkSel)
    i.USB_ReadInterrupts                     0x08004682   Section        0  stm32f4xx_ll_usb.o(i.USB_ReadInterrupts)
    i.USB_ReadPacket                         0x0800468a   Section        0  stm32f4xx_ll_usb.o(i.USB_ReadPacket)
    i.USB_ResetPort                          0x080046a6   Section        0  stm32f4xx_ll_usb.o(i.USB_ResetPort)
    i.USB_SetCurrentMode                     0x080046d8   Section        0  stm32f4xx_ll_usb.o(i.USB_SetCurrentMode)
    i.USB_StopHost                           0x08004708   Section        0  stm32f4xx_ll_usb.o(i.USB_StopHost)
    i.USB_WritePacket                        0x08004786   Section        0  stm32f4xx_ll_usb.o(i.USB_WritePacket)
    i.UsageFault_Handler                     0x080047aa   Section        0  stm32f4xx_it.o(i.UsageFault_Handler)
    i.__NVIC_SetPriority                     0x080047ac   Section        0  stm32f4xx_hal_cortex.o(i.__NVIC_SetPriority)
    __NVIC_SetPriority                       0x080047ad   Thumb Code    32  stm32f4xx_hal_cortex.o(i.__NVIC_SetPriority)
    i.__scatterload_copy                     0x080047cc   Section       14  handlers.o(i.__scatterload_copy)
    i.__scatterload_null                     0x080047da   Section        2  handlers.o(i.__scatterload_null)
    i.__scatterload_zeroinit                 0x080047dc   Section       14  handlers.o(i.__scatterload_zeroinit)
    i.free                                   0x080047ec   Section        0  malloc.o(i.free)
    i.main                                   0x0800483c   Section        0  main.o(i.main)
    i.malloc                                 0x08004974   Section        0  malloc.o(i.malloc)
    .constdata                               0x080049e0   Section       16  system_stm32f4xx.o(.constdata)
    .constdata                               0x080049f0   Section        8  system_stm32f4xx.o(.constdata)
    .conststring                             0x080049f8   Section        4  usbh_cdc.o(.conststring)
    .data                                    0x20000000   Section       32  main.o(.data)
    .data                                    0x20000020   Section        1  usb_host.o(.data)
    .data                                    0x20000024   Section        4  stm32f4xx_ll_usb.o(.data)
    tmpreg                                   0x20000024   Data           4  stm32f4xx_ll_usb.o(.data)
    .data                                    0x20000028   Section       12  stm32f4xx_hal.o(.data)
    .data                                    0x20000034   Section        4  system_stm32f4xx.o(.data)
    .data                                    0x20000038   Section       32  usbh_cdc.o(.data)
    .data                                    0x20000058   Section        4  mvars.o(.data)
    .data                                    0x2000005c   Section        4  mvars.o(.data)
    .bss                                     0x20000060   Section      432  main.o(.bss)
    .bss                                     0x20000210   Section      972  usb_host.o(.bss)
    .bss                                     0x200005dc   Section      708  usbh_conf.o(.bss)
    HEAP                                     0x200008a0   Section      512  startup_stm32f411xe.o(HEAP)
    STACK                                    0x20000aa0   Section     1024  startup_stm32f411xe.o(STACK)

    Global Symbols

    Symbol Name                              Value     Ov Type        Size  Object(Section)

    BuildAttributes$$THM_ISAv4$E$P$D$K$B$S$7EM$VFPi3$EXTD16$VFPS$VFMA$PE$A:L22UL41UL21$X:L11$S22US41US21$IEEE1$IW$USESV6$~STKCKD$USESV7$~SHL$OSPACE$EBA8$MICROLIB$REQ8$PRES8$EABIv2 0x00000000   Number         0  anon$$obj.o ABSOLUTE
    __ARM_use_no_argv                        0x00000000   Number         0  main.o ABSOLUTE
    __cpp_initialize__aeabi_                  - Undefined Weak Reference
    __cxa_finalize                            - Undefined Weak Reference
    __decompress                              - Undefined Weak Reference
    _clock_init                               - Undefined Weak Reference
    _microlib_exit                            - Undefined Weak Reference
    __Vectors_Size                           0x00000198   Number         0  startup_stm32f411xe.o ABSOLUTE
    __Vectors                                0x08000000   Data           4  startup_stm32f411xe.o(RESET)
    __Vectors_End                            0x08000198   Data           0  startup_stm32f411xe.o(RESET)
    __main                                   0x08000199   Thumb Code     0  entry.o(.ARM.Collect$$$$00000000)
    _main_stk                                0x08000199   Thumb Code     0  entry2.o(.ARM.Collect$$$$00000001)
    _main_scatterload                        0x0800019d   Thumb Code     0  entry5.o(.ARM.Collect$$$$00000004)
    __main_after_scatterload                 0x080001a1   Thumb Code     0  entry5.o(.ARM.Collect$$$$00000004)
    _main_clock                              0x080001a1   Thumb Code     0  entry7b.o(.ARM.Collect$$$$00000008)
    _main_cpp_init                           0x080001a1   Thumb Code     0  entry8b.o(.ARM.Collect$$$$0000000A)
    _main_init                               0x080001a1   Thumb Code     0  entry9a.o(.ARM.Collect$$$$0000000B)
    __rt_final_cpp                           0x080001a9   Thumb Code     0  entry10a.o(.ARM.Collect$$$$0000000D)
    __rt_final_exit                          0x080001a9   Thumb Code     0  entry11a.o(.ARM.Collect$$$$0000000F)
    Reset_Handler                            0x080001ad   Thumb Code     8  startup_stm32f411xe.o(.text)
    DMA1_Stream0_IRQHandler                  0x080001c7   Thumb Code     0  startup_stm32f411xe.o(.text)
    DMA1_Stream1_IRQHandler                  0x080001c7   Thumb Code     0  startup_stm32f411xe.o(.text)
    DMA1_Stream2_IRQHandler                  0x080001c7   Thumb Code     0  startup_stm32f411xe.o(.text)
    DMA1_Stream3_IRQHandler                  0x080001c7   Thumb Code     0  startup_stm32f411xe.o(.text)
    DMA1_Stream4_IRQHandler                  0x080001c7   Thumb Code     0  startup_stm32f411xe.o(.text)
    DMA1_Stream5_IRQHandler                  0x080001c7   Thumb Code     0  startup_stm32f411xe.o(.text)
    DMA1_Stream6_IRQHandler                  0x080001c7   Thumb Code     0  startup_stm32f411xe.o(.text)
    DMA1_Stream7_IRQHandler                  0x080001c7   Thumb Code     0  startup_stm32f411xe.o(.text)
    DMA2_Stream0_IRQHandler                  0x080001c7   Thumb Code     0  startup_stm32f411xe.o(.text)
    DMA2_Stream1_IRQHandler                  0x080001c7   Thumb Code     0  startup_stm32f411xe.o(.text)
    DMA2_Stream2_IRQHandler                  0x080001c7   Thumb Code     0  startup_stm32f411xe.o(.text)
    DMA2_Stream3_IRQHandler                  0x080001c7   Thumb Code     0  startup_stm32f411xe.o(.text)
    DMA2_Stream4_IRQHandler                  0x080001c7   Thumb Code     0  startup_stm32f411xe.o(.text)
    DMA2_Stream5_IRQHandler                  0x080001c7   Thumb Code     0  startup_stm32f411xe.o(.text)
    DMA2_Stream6_IRQHandler                  0x080001c7   Thumb Code     0  startup_stm32f411xe.o(.text)
    DMA2_Stream7_IRQHandler                  0x080001c7   Thumb Code     0  startup_stm32f411xe.o(.text)
    EXTI0_IRQHandler                         0x080001c7   Thumb Code     0  startup_stm32f411xe.o(.text)
    EXTI15_10_IRQHandler                     0x080001c7   Thumb Code     0  startup_stm32f411xe.o(.text)
    FLASH_IRQHandler                         0x080001c7   Thumb Code     0  startup_stm32f411xe.o(.text)
    FPU_IRQHandler                           0x080001c7   Thumb Code     0  startup_stm32f411xe.o(.text)
    I2C1_ER_IRQHandler                       0x080001c7   Thumb Code     0  startup_stm32f411xe.o(.text)
    I2C1_EV_IRQHandler                       0x080001c7   Thumb Code     0  startup_stm32f411xe.o(.text)
    I2C2_ER_IRQHandler                       0x080001c7   Thumb Code     0  startup_stm32f411xe.o(.text)
    I2C2_EV_IRQHandler                       0x080001c7   Thumb Code     0  startup_stm32f411xe.o(.text)
    I2C3_ER_IRQHandler                       0x080001c7   Thumb Code     0  startup_stm32f411xe.o(.text)
    I2C3_EV_IRQHandler                       0x080001c7   Thumb Code     0  startup_stm32f411xe.o(.text)
    OTG_FS_WKUP_IRQHandler                   0x080001c7   Thumb Code     0  startup_stm32f411xe.o(.text)
    PVD_IRQHandler                           0x080001c7   Thumb Code     0  startup_stm32f411xe.o(.text)
    RCC_IRQHandler                           0x080001c7   Thumb Code     0  startup_stm32f411xe.o(.text)
    RTC_Alarm_IRQHandler                     0x080001c7   Thumb Code     0  startup_stm32f411xe.o(.text)
    RTC_WKUP_IRQHandler                      0x080001c7   Thumb Code     0  startup_stm32f411xe.o(.text)
    SDIO_IRQHandler                          0x080001c7   Thumb Code     0  startup_stm32f411xe.o(.text)
    SPI1_IRQHandler                          0x080001c7   Thumb Code     0  startup_stm32f411xe.o(.text)
    SPI2_IRQHandler                          0x080001c7   Thumb Code     0  startup_stm32f411xe.o(.text)
    SPI3_IRQHandler                          0x080001c7   Thumb Code     0  startup_stm32f411xe.o(.text)
    SPI4_IRQHandler                          0x080001c7   Thumb Code     0  startup_stm32f411xe.o(.text)
    SPI5_IRQHandler                          0x080001c7   Thumb Code     0  startup_stm32f411xe.o(.text)
    TAMP_STAMP_IRQHandler                    0x080001c7   Thumb Code     0  startup_stm32f411xe.o(.text)
    TIM1_BRK_TIM9_IRQHandler                 0x080001c7   Thumb Code     0  startup_stm32f411xe.o(.text)
    TIM1_CC_IRQHandler                       0x080001c7   Thumb Code     0  startup_stm32f411xe.o(.text)
    TIM1_TRG_COM_TIM11_IRQHandler            0x080001c7   Thumb Code     0  startup_stm32f411xe.o(.text)
    TIM1_UP_TIM10_IRQHandler                 0x080001c7   Thumb Code     0  startup_stm32f411xe.o(.text)
    TIM2_IRQHandler                          0x080001c7   Thumb Code     0  startup_stm32f411xe.o(.text)
    TIM3_IRQHandler                          0x080001c7   Thumb Code     0  startup_stm32f411xe.o(.text)
    TIM4_IRQHandler                          0x080001c7   Thumb Code     0  startup_stm32f411xe.o(.text)
    TIM5_IRQHandler                          0x080001c7   Thumb Code     0  startup_stm32f411xe.o(.text)
    USART1_IRQHandler                        0x080001c7   Thumb Code     0  startup_stm32f411xe.o(.text)
    USART2_IRQHandler                        0x080001c7   Thumb Code     0  startup_stm32f411xe.o(.text)
    USART6_IRQHandler                        0x080001c7   Thumb Code     0  startup_stm32f411xe.o(.text)
    WWDG_IRQHandler                          0x080001c7   Thumb Code     0  startup_stm32f411xe.o(.text)
    __aeabi_uldivmod                         0x080001d1   Thumb Code    98  uldiv.o(.text)
    __aeabi_memcpy                           0x08000233   Thumb Code    36  memcpya.o(.text)
    __aeabi_memcpy4                          0x08000233   Thumb Code     0  memcpya.o(.text)
    __aeabi_memcpy8                          0x08000233   Thumb Code     0  memcpya.o(.text)
    __aeabi_memset                           0x08000257   Thumb Code    14  memseta.o(.text)
    __aeabi_memset4                          0x08000257   Thumb Code     0  memseta.o(.text)
    __aeabi_memset8                          0x08000257   Thumb Code     0  memseta.o(.text)
    __aeabi_memclr                           0x08000265   Thumb Code     4  memseta.o(.text)
    __aeabi_memclr4                          0x08000265   Thumb Code     0  memseta.o(.text)
    __aeabi_memclr8                          0x08000265   Thumb Code     0  memseta.o(.text)
    _memset$wrapper                          0x08000269   Thumb Code    18  memseta.o(.text)
    __aeabi_llsl                             0x0800027b   Thumb Code    30  llshl.o(.text)
    _ll_shift_l                              0x0800027b   Thumb Code     0  llshl.o(.text)
    __aeabi_llsr                             0x08000299   Thumb Code    32  llushr.o(.text)
    _ll_ushift_r                             0x08000299   Thumb Code     0  llushr.o(.text)
    __scatterload                            0x080002b9   Thumb Code    28  init.o(.text)
    __scatterload_rt2                        0x080002b9   Thumb Code     0  init.o(.text)
    ADC_IRQHandler                           0x080002dd   Thumb Code     6  stm32f4xx_it.o(i.ADC_IRQHandler)
    BusFault_Handler                         0x08000411   Thumb Code     2  stm32f4xx_it.o(i.BusFault_Handler)
    DebugMon_Handler                         0x08000539   Thumb Code     2  stm32f4xx_it.o(i.DebugMon_Handler)
    EXTI1_IRQHandler                         0x0800053b   Thumb Code     6  stm32f4xx_it.o(i.EXTI1_IRQHandler)
    EXTI2_IRQHandler                         0x08000541   Thumb Code     6  stm32f4xx_it.o(i.EXTI2_IRQHandler)
    EXTI3_IRQHandler                         0x08000547   Thumb Code     6  stm32f4xx_it.o(i.EXTI3_IRQHandler)
    EXTI4_IRQHandler                         0x0800054d   Thumb Code     6  stm32f4xx_it.o(i.EXTI4_IRQHandler)
    EXTI9_5_IRQHandler                       0x08000553   Thumb Code    18  stm32f4xx_it.o(i.EXTI9_5_IRQHandler)
    Error_Handler                            0x08000565   Thumb Code     2  main.o(i.Error_Handler)
    GMM                                      0x08000569   Thumb Code   254  main.o(i.GMM)
    HAL_ADCEx_InjectedConvCpltCallback       0x0800068b   Thumb Code     2  stm32f4xx_hal_adc_ex.o(i.HAL_ADCEx_InjectedConvCpltCallback)
    HAL_ADC_ConfigChannel                    0x0800068d   Thumb Code   334  stm32f4xx_hal_adc.o(i.HAL_ADC_ConfigChannel)
    HAL_ADC_ConvCpltCallback                 0x080007f1   Thumb Code    22  main.o(i.HAL_ADC_ConvCpltCallback)
    HAL_ADC_ErrorCallback                    0x08000815   Thumb Code     2  stm32f4xx_hal_adc.o(i.HAL_ADC_ErrorCallback)
    HAL_ADC_GetValue                         0x08000817   Thumb Code     6  stm32f4xx_hal_adc.o(i.HAL_ADC_GetValue)
    HAL_ADC_IRQHandler                       0x0800081d   Thumb Code   316  stm32f4xx_hal_adc.o(i.HAL_ADC_IRQHandler)
    HAL_ADC_Init                             0x08000959   Thumb Code    84  stm32f4xx_hal_adc.o(i.HAL_ADC_Init)
    HAL_ADC_LevelOutOfWindowCallback         0x080009ad   Thumb Code     2  stm32f4xx_hal_adc.o(i.HAL_ADC_LevelOutOfWindowCallback)
    HAL_ADC_MspInit                          0x080009b1   Thumb Code   100  stm32f4xx_hal_msp.o(i.HAL_ADC_MspInit)
    HAL_ADC_Start_IT                         0x08000a21   Thumb Code   180  stm32f4xx_hal_adc.o(i.HAL_ADC_Start_IT)
    HAL_ADC_Stop_IT                          0x08000ae9   Thumb Code    68  stm32f4xx_hal_adc.o(i.HAL_ADC_Stop_IT)
    HAL_Delay                                0x08000b31   Thumb Code    32  stm32f4xx_hal.o(i.HAL_Delay)
    HAL_GPIO_EXTI_Callback                   0x08000b55   Thumb Code    60  main.o(i.HAL_GPIO_EXTI_Callback)
    HAL_GPIO_EXTI_IRQHandler                 0x08000b99   Thumb Code    18  stm32f4xx_hal_gpio.o(i.HAL_GPIO_EXTI_IRQHandler)
    HAL_GPIO_Init                            0x08000bb1   Thumb Code   370  stm32f4xx_hal_gpio.o(i.HAL_GPIO_Init)
    HAL_GPIO_ReadPin                         0x08000d45   Thumb Code    10  stm32f4xx_hal_gpio.o(i.HAL_GPIO_ReadPin)
    HAL_GPIO_TogglePin                       0x08000d4f   Thumb Code    14  stm32f4xx_hal_gpio.o(i.HAL_GPIO_TogglePin)
    HAL_GPIO_WritePin                        0x08000d5d   Thumb Code    10  stm32f4xx_hal_gpio.o(i.HAL_GPIO_WritePin)
    HAL_GetTick                              0x08000d69   Thumb Code     6  stm32f4xx_hal.o(i.HAL_GetTick)
    HAL_HCD_Connect_Callback                 0x08000d75   Thumb Code     8  usbh_conf.o(i.HAL_HCD_Connect_Callback)
    HAL_HCD_Disconnect_Callback              0x08000d7d   Thumb Code     8  usbh_conf.o(i.HAL_HCD_Disconnect_Callback)
    HAL_HCD_GetCurrentFrame                  0x08000d85   Thumb Code     6  stm32f4xx_hal_hcd.o(i.HAL_HCD_GetCurrentFrame)
    HAL_HCD_GetCurrentSpeed                  0x08000d8b   Thumb Code     6  stm32f4xx_hal_hcd.o(i.HAL_HCD_GetCurrentSpeed)
    HAL_HCD_HC_GetURBState                   0x08000d91   Thumb Code    14  stm32f4xx_hal_hcd.o(i.HAL_HCD_HC_GetURBState)
    HAL_HCD_HC_GetXferCount                  0x08000d9f   Thumb Code    12  stm32f4xx_hal_hcd.o(i.HAL_HCD_HC_GetXferCount)
    HAL_HCD_HC_Halt                          0x08000dab   Thumb Code    36  stm32f4xx_hal_hcd.o(i.HAL_HCD_HC_Halt)
    HAL_HCD_HC_Init                          0x08000dcf   Thumb Code   114  stm32f4xx_hal_hcd.o(i.HAL_HCD_HC_Init)
    HAL_HCD_HC_NotifyURBChange_Callback      0x08000e41   Thumb Code     2  usbh_conf.o(i.HAL_HCD_HC_NotifyURBChange_Callback)
    HAL_HCD_HC_SubmitRequest                 0x08000e43   Thumb Code   142  stm32f4xx_hal_hcd.o(i.HAL_HCD_HC_SubmitRequest)
    HAL_HCD_IRQHandler                       0x08000ed1   Thumb Code   306  stm32f4xx_hal_hcd.o(i.HAL_HCD_IRQHandler)
    HAL_HCD_Init                             0x08001003   Thumb Code   114  stm32f4xx_hal_hcd.o(i.HAL_HCD_Init)
    HAL_HCD_MspInit                          0x08001075   Thumb Code   142  usbh_conf.o(i.HAL_HCD_MspInit)
    HAL_HCD_PortDisabled_Callback            0x0800110d   Thumb Code     8  usbh_conf.o(i.HAL_HCD_PortDisabled_Callback)
    HAL_HCD_PortEnabled_Callback             0x08001115   Thumb Code     8  usbh_conf.o(i.HAL_HCD_PortEnabled_Callback)
    HAL_HCD_ResetPort                        0x0800111d   Thumb Code     6  stm32f4xx_hal_hcd.o(i.HAL_HCD_ResetPort)
    HAL_HCD_SOF_Callback                     0x08001123   Thumb Code     8  usbh_conf.o(i.HAL_HCD_SOF_Callback)
    HAL_HCD_Start                            0x0800112b   Thumb Code    44  stm32f4xx_hal_hcd.o(i.HAL_HCD_Start)
    HAL_HCD_Stop                             0x08001157   Thumb Code    36  stm32f4xx_hal_hcd.o(i.HAL_HCD_Stop)
    HAL_I2C_Init                             0x0800117d   Thumb Code   376  stm32f4xx_hal_i2c.o(i.HAL_I2C_Init)
    HAL_I2C_MspInit                          0x08001305   Thumb Code    94  stm32f4xx_hal_msp.o(i.HAL_I2C_MspInit)
    HAL_I2SEx_FullDuplex_IRQHandler          0x08001371   Thumb Code   492  stm32f4xx_hal_i2s_ex.o(i.HAL_I2SEx_FullDuplex_IRQHandler)
    HAL_I2SEx_TxRxCpltCallback               0x08001565   Thumb Code     2  stm32f4xx_hal_i2s_ex.o(i.HAL_I2SEx_TxRxCpltCallback)
    HAL_I2S_ErrorCallback                    0x08001567   Thumb Code     2  stm32f4xx_hal_i2s.o(i.HAL_I2S_ErrorCallback)
    HAL_I2S_Init                             0x08001569   Thumb Code   354  stm32f4xx_hal_i2s.o(i.HAL_I2S_Init)
    HAL_I2S_MspInit                          0x080016dd   Thumb Code   128  stm32f4xx_hal_msp.o(i.HAL_I2S_MspInit)
    HAL_I2S_RxCpltCallback                   0x0800176d   Thumb Code     2  stm32f4xx_hal_i2s.o(i.HAL_I2S_RxCpltCallback)
    HAL_I2S_TxCpltCallback                   0x0800176f   Thumb Code     2  stm32f4xx_hal_i2s.o(i.HAL_I2S_TxCpltCallback)
    HAL_IncTick                              0x08001771   Thumb Code    12  stm32f4xx_hal.o(i.HAL_IncTick)
    HAL_Init                                 0x08001781   Thumb Code    48  stm32f4xx_hal.o(i.HAL_Init)
    HAL_InitTick                             0x080017b5   Thumb Code    54  stm32f4xx_hal.o(i.HAL_InitTick)
    HAL_MspInit                              0x080017f5   Thumb Code    42  stm32f4xx_hal_msp.o(i.HAL_MspInit)
    HAL_NVIC_EnableIRQ                       0x08001825   Thumb Code    26  stm32f4xx_hal_cortex.o(i.HAL_NVIC_EnableIRQ)
    HAL_NVIC_SetPriority                     0x08001841   Thumb Code    60  stm32f4xx_hal_cortex.o(i.HAL_NVIC_SetPriority)
    HAL_NVIC_SetPriorityGrouping             0x08001881   Thumb Code    26  stm32f4xx_hal_cortex.o(i.HAL_NVIC_SetPriorityGrouping)
    HAL_RCCEx_GetPeriphCLKFreq               0x080018a5   Thumb Code    74  stm32f4xx_hal_rcc_ex.o(i.HAL_RCCEx_GetPeriphCLKFreq)
    HAL_RCCEx_PeriphCLKConfig                0x08001905   Thumb Code   314  stm32f4xx_hal_rcc_ex.o(i.HAL_RCCEx_PeriphCLKConfig)
    HAL_RCC_ClockConfig                      0x08001a59   Thumb Code   288  stm32f4xx_hal_rcc.o(i.HAL_RCC_ClockConfig)
    HAL_RCC_GetPCLK1Freq                     0x08001b8d   Thumb Code    20  stm32f4xx_hal_rcc.o(i.HAL_RCC_GetPCLK1Freq)
    HAL_RCC_GetSysClockFreq                  0x08001bad   Thumb Code    88  stm32f4xx_hal_rcc.o(i.HAL_RCC_GetSysClockFreq)
    HAL_RCC_OscConfig                        0x08001c0d   Thumb Code   834  stm32f4xx_hal_rcc.o(i.HAL_RCC_OscConfig)
    HAL_SPI_Init                             0x08001f69   Thumb Code   128  stm32f4xx_hal_spi.o(i.HAL_SPI_Init)
    HAL_SPI_MspInit                          0x08001fe9   Thumb Code    92  stm32f4xx_hal_msp.o(i.HAL_SPI_MspInit)
    HAL_SYSTICK_Config                       0x08002051   Thumb Code    40  stm32f4xx_hal_cortex.o(i.HAL_SYSTICK_Config)
    HAL_TIMEx_ConfigBreakDeadTime            0x08002079   Thumb Code    84  stm32f4xx_hal_tim_ex.o(i.HAL_TIMEx_ConfigBreakDeadTime)
    HAL_TIMEx_MasterConfigSynchronization    0x080020cd   Thumb Code   104  stm32f4xx_hal_tim_ex.o(i.HAL_TIMEx_MasterConfigSynchronization)
    HAL_TIM_MspPostInit                      0x08002149   Thumb Code   104  stm32f4xx_hal_msp.o(i.HAL_TIM_MspPostInit)
    HAL_TIM_PWM_ConfigChannel                0x080021c1   Thumb Code   208  stm32f4xx_hal_tim.o(i.HAL_TIM_PWM_ConfigChannel)
    HAL_TIM_PWM_Init                         0x08002291   Thumb Code    54  stm32f4xx_hal_tim.o(i.HAL_TIM_PWM_Init)
    HAL_TIM_PWM_MspInit                      0x080022c9   Thumb Code    30  stm32f4xx_hal_msp.o(i.HAL_TIM_PWM_MspInit)
    HAL_TIM_PWM_Start                        0x080022f1   Thumb Code    52  stm32f4xx_hal_tim.o(i.HAL_TIM_PWM_Start)
    HardFault_Handler                        0x080028c1   Thumb Code     2  stm32f4xx_it.o(i.HardFault_Handler)
    MX_DriverVbusFS                          0x08002ad1   Thumb Code    16  usbh_platform.o(i.MX_DriverVbusFS)
    MX_USB_HOST_Init                         0x08002d89   Thumb Code    52  usb_host.o(i.MX_USB_HOST_Init)
    MX_USB_HOST_Process                      0x08002dc9   Thumb Code     6  usb_host.o(i.MX_USB_HOST_Process)
    Marcha                                   0x08002dd5   Thumb Code   114  main.o(i.Marcha)
    MemManage_Handler                        0x08002e51   Thumb Code     2  stm32f4xx_it.o(i.MemManage_Handler)
    ModoAutomatico                           0x08002e55   Thumb Code   306  main.o(i.ModoAutomatico)
    ModoManual                               0x08002f8d   Thumb Code   330  main.o(i.ModoManual)
    NMI_Handler                              0x080030e1   Thumb Code     2  stm32f4xx_it.o(i.NMI_Handler)
    OTG_FS_IRQHandler                        0x080030e5   Thumb Code     6  stm32f4xx_it.o(i.OTG_FS_IRQHandler)
    PendSV_Handler                           0x080030f1   Thumb Code     2  stm32f4xx_it.o(i.PendSV_Handler)
    SVC_Handler                              0x080030f3   Thumb Code     2  stm32f4xx_it.o(i.SVC_Handler)
    SysTick_Handler                          0x080030f5   Thumb Code     4  stm32f4xx_it.o(i.SysTick_Handler)
    SystemClock_Config                       0x080030f9   Thumb Code   150  main.o(i.SystemClock_Config)
    SystemInit                               0x08003199   Thumb Code    22  system_stm32f4xx.o(i.SystemInit)
    TIM_Base_SetConfig                       0x080031b5   Thumb Code   122  stm32f4xx_hal_tim.o(i.TIM_Base_SetConfig)
    TIM_CCxChannelCmd                        0x0800324d   Thumb Code    26  stm32f4xx_hal_tim.o(i.TIM_CCxChannelCmd)
    TIM_OC2_SetConfig                        0x080032b9   Thumb Code    84  stm32f4xx_hal_tim.o(i.TIM_OC2_SetConfig)
    USBH_AllocPipe                           0x080033ad   Thumb Code    52  usbh_pipes.o(i.USBH_AllocPipe)
    USBH_BulkReceiveData                     0x080033e1   Thumb Code    32  usbh_ioreq.o(i.USBH_BulkReceiveData)
    USBH_BulkSendData                        0x08003401   Thumb Code    40  usbh_ioreq.o(i.USBH_BulkSendData)
    USBH_CDC_LineCodingChanged               0x080035df   Thumb Code     2  usbh_cdc.o(i.USBH_CDC_LineCodingChanged)
    USBH_CDC_ReceiveCallback                 0x08003699   Thumb Code     2  usbh_cdc.o(i.USBH_CDC_ReceiveCallback)
    USBH_CDC_TransmitCallback                0x0800369f   Thumb Code     2  usbh_cdc.o(i.USBH_CDC_TransmitCallback)
    USBH_ClosePipe                           0x080036a1   Thumb Code    10  usbh_pipes.o(i.USBH_ClosePipe)
    USBH_ClrFeature                          0x080036ab   Thumb Code    30  usbh_ctlreq.o(i.USBH_ClrFeature)
    USBH_CtlReceiveData                      0x080036c9   Thumb Code    30  usbh_ioreq.o(i.USBH_CtlReceiveData)
    USBH_CtlReq                              0x080036e7   Thumb Code    58  usbh_ctlreq.o(i.USBH_CtlReq)
    USBH_CtlSendData                         0x08003721   Thumb Code    40  usbh_ioreq.o(i.USBH_CtlSendData)
    USBH_CtlSendSetup                        0x08003749   Thumb Code    30  usbh_ioreq.o(i.USBH_CtlSendSetup)
    USBH_Delay                               0x08003767   Thumb Code     4  usbh_conf.o(i.USBH_Delay)
    USBH_FindInterface                       0x0800376d   Thumb Code    68  usbh_core.o(i.USBH_FindInterface)
    USBH_FreePipe                            0x080037b1   Thumb Code    24  usbh_pipes.o(i.USBH_FreePipe)
    USBH_GetDescriptor                       0x080037c9   Thumb Code    52  usbh_ctlreq.o(i.USBH_GetDescriptor)
    USBH_GetNextDesc                         0x080037fd   Thumb Code    14  usbh_ctlreq.o(i.USBH_GetNextDesc)
    USBH_Get_CfgDesc                         0x0800380b   Thumb Code    44  usbh_ctlreq.o(i.USBH_Get_CfgDesc)
    USBH_Get_DevDesc                         0x08003837   Thumb Code   144  usbh_ctlreq.o(i.USBH_Get_DevDesc)
    USBH_Get_StringDesc                      0x080038c7   Thumb Code    72  usbh_ctlreq.o(i.USBH_Get_StringDesc)
    USBH_Get_USB_Status                      0x0800390f   Thumb Code    24  usbh_conf.o(i.USBH_Get_USB_Status)
    USBH_Init                                0x08003ba3   Thumb Code    48  usbh_core.o(i.USBH_Init)
    USBH_LL_ClosePipe                        0x08003bd3   Thumb Code    18  usbh_conf.o(i.USBH_LL_ClosePipe)
    USBH_LL_Connect                          0x08003be5   Thumb Code    42  usbh_core.o(i.USBH_LL_Connect)
    USBH_LL_Disconnect                       0x08003c0f   Thumb Code    56  usbh_core.o(i.USBH_LL_Disconnect)
    USBH_LL_DriverVBUS                       0x08003c47   Thumb Code    26  usbh_conf.o(i.USBH_LL_DriverVBUS)
    USBH_LL_GetLastXferSize                  0x08003c61   Thumb Code     8  usbh_conf.o(i.USBH_LL_GetLastXferSize)
    USBH_LL_GetSpeed                         0x08003c69   Thumb Code    34  usbh_conf.o(i.USBH_LL_GetSpeed)
    USBH_LL_GetURBState                      0x08003c8b   Thumb Code     8  usbh_conf.o(i.USBH_LL_GetURBState)
    USBH_LL_IncTimer                         0x08003c93   Thumb Code    30  usbh_core.o(i.USBH_LL_IncTimer)
    USBH_LL_Init                             0x08003cb1   Thumb Code    74  usbh_conf.o(i.USBH_LL_Init)
    USBH_LL_OpenPipe                         0x08003d01   Thumb Code    28  usbh_conf.o(i.USBH_LL_OpenPipe)
    USBH_LL_PortDisabled                     0x08003d1d   Thumb Code     8  usbh_core.o(i.USBH_LL_PortDisabled)
    USBH_LL_PortEnabled                      0x08003d25   Thumb Code     8  usbh_core.o(i.USBH_LL_PortEnabled)
    USBH_LL_ResetPort                        0x08003d2d   Thumb Code    18  usbh_conf.o(i.USBH_LL_ResetPort)
    USBH_LL_SetTimer                         0x08003d3f   Thumb Code     6  usbh_core.o(i.USBH_LL_SetTimer)
    USBH_LL_SetToggle                        0x08003d45   Thumb Code    32  usbh_conf.o(i.USBH_LL_SetToggle)
    USBH_LL_Start                            0x08003d65   Thumb Code    18  usbh_conf.o(i.USBH_LL_Start)
    USBH_LL_Stop                             0x08003d77   Thumb Code    18  usbh_conf.o(i.USBH_LL_Stop)
    USBH_LL_SubmitURB                        0x08003d89   Thumb Code    34  usbh_conf.o(i.USBH_LL_SubmitURB)
    USBH_OpenPipe                            0x08003dab   Thumb Code    20  usbh_pipes.o(i.USBH_OpenPipe)
    USBH_Process                             0x08003e9b   Thumb Code   416  usbh_core.o(i.USBH_Process)
    USBH_RegisterClass                       0x0800403b   Thumb Code    28  usbh_core.o(i.USBH_RegisterClass)
    USBH_SelectInterface                     0x08004057   Thumb Code    22  usbh_core.o(i.USBH_SelectInterface)
    USBH_SetAddress                          0x0800406d   Thumb Code    28  usbh_ctlreq.o(i.USBH_SetAddress)
    USBH_SetCfg                              0x08004089   Thumb Code    28  usbh_ctlreq.o(i.USBH_SetCfg)
    USBH_SetFeature                          0x080040a5   Thumb Code    28  usbh_ctlreq.o(i.USBH_SetFeature)
    USBH_Start                               0x080040c1   Thumb Code    20  usbh_core.o(i.USBH_Start)
    USB_CoreInit                             0x080040f5   Thumb Code   112  stm32f4xx_ll_usb.o(i.USB_CoreInit)
    USB_DisableGlobalInt                     0x080041a1   Thumb Code    12  stm32f4xx_ll_usb.o(i.USB_DisableGlobalInt)
    USB_DoPing                               0x080041ad   Thumb Code    30  stm32f4xx_ll_usb.o(i.USB_DoPing)
    USB_DriveVbus                            0x080041d1   Thumb Code    44  stm32f4xx_ll_usb.o(i.USB_DriveVbus)
    USB_EnableGlobalInt                      0x080041fd   Thumb Code    12  stm32f4xx_ll_usb.o(i.USB_EnableGlobalInt)
    USB_FlushRxFifo                          0x08004209   Thumb Code    28  stm32f4xx_ll_usb.o(i.USB_FlushRxFifo)
    USB_FlushTxFifo                          0x08004229   Thumb Code    32  stm32f4xx_ll_usb.o(i.USB_FlushTxFifo)
    USB_GetCurrentFrame                      0x0800424d   Thumb Code     8  stm32f4xx_ll_usb.o(i.USB_GetCurrentFrame)
    USB_GetHostSpeed                         0x08004255   Thumb Code    14  stm32f4xx_ll_usb.o(i.USB_GetHostSpeed)
    USB_GetMode                              0x08004263   Thumb Code     8  stm32f4xx_ll_usb.o(i.USB_GetMode)
    USB_HC_Halt                              0x0800426b   Thumb Code   194  stm32f4xx_ll_usb.o(i.USB_HC_Halt)
    USB_HC_Init                              0x0800432d   Thumb Code   240  stm32f4xx_ll_usb.o(i.USB_HC_Init)
    USB_HC_ReadInterrupt                     0x0800441d   Thumb Code     8  stm32f4xx_ll_usb.o(i.USB_HC_ReadInterrupt)
    USB_HC_StartXfer                         0x08004425   Thumb Code   330  stm32f4xx_ll_usb.o(i.USB_HC_StartXfer)
    USB_HostInit                             0x08004575   Thumb Code   194  stm32f4xx_ll_usb.o(i.USB_HostInit)
    USB_InitFSLSPClkSel                      0x0800464d   Thumb Code    54  stm32f4xx_ll_usb.o(i.USB_InitFSLSPClkSel)
    USB_ReadInterrupts                       0x08004683   Thumb Code     8  stm32f4xx_ll_usb.o(i.USB_ReadInterrupts)
    USB_ReadPacket                           0x0800468b   Thumb Code    28  stm32f4xx_ll_usb.o(i.USB_ReadPacket)
    USB_ResetPort                            0x080046a7   Thumb Code    50  stm32f4xx_ll_usb.o(i.USB_ResetPort)
    USB_SetCurrentMode                       0x080046d9   Thumb Code    46  stm32f4xx_ll_usb.o(i.USB_SetCurrentMode)
    USB_StopHost                             0x08004709   Thumb Code   126  stm32f4xx_ll_usb.o(i.USB_StopHost)
    USB_WritePacket                          0x08004787   Thumb Code    36  stm32f4xx_ll_usb.o(i.USB_WritePacket)
    UsageFault_Handler                       0x080047ab   Thumb Code     2  stm32f4xx_it.o(i.UsageFault_Handler)
    __scatterload_copy                       0x080047cd   Thumb Code    14  handlers.o(i.__scatterload_copy)
    __scatterload_null                       0x080047db   Thumb Code     2  handlers.o(i.__scatterload_null)
    __scatterload_zeroinit                   0x080047dd   Thumb Code    14  handlers.o(i.__scatterload_zeroinit)
    free                                     0x080047ed   Thumb Code    76  malloc.o(i.free)
    main                                     0x0800483d   Thumb Code   272  main.o(i.main)
    malloc                                   0x08004975   Thumb Code    92  malloc.o(i.malloc)
    AHBPrescTable                            0x080049e0   Data          16  system_stm32f4xx.o(.constdata)
    APBPrescTable                            0x080049f0   Data           8  system_stm32f4xx.o(.constdata)
    Region$$Table$$Base                      0x080049fc   Number         0  anon$$obj.o(Region$$Table)
    Region$$Table$$Limit                     0x08004a1c   Number         0  anon$$obj.o(Region$$Table)
    EtapasAuto                               0x20000000   Data           4  main.o(.data)
    EtapasMan                                0x20000004   Data           4  main.o(.data)
    EtapasGMM                                0x20000008   Data           4  main.o(.data)
    EntradaAnalogica                         0x2000000c   Data           4  main.o(.data)
    Alarma                                   0x20000010   Data           4  main.o(.data)
    AutomaticAct                             0x20000014   Data          12  main.o(.data)
    Appli_state                              0x20000020   Data           1  usb_host.o(.data)
    uwTickFreq                               0x20000028   Data           1  stm32f4xx_hal.o(.data)
    uwTickPrio                               0x2000002c   Data           4  stm32f4xx_hal.o(.data)
    uwTick                                   0x20000030   Data           4  stm32f4xx_hal.o(.data)
    SystemCoreClock                          0x20000034   Data           4  system_stm32f4xx.o(.data)
    CDC_Class                                0x20000038   Data          32  usbh_cdc.o(.data)
    __microlib_freelist                      0x20000058   Data           4  mvars.o(.data)
    __microlib_freelist_initialised          0x2000005c   Data           4  mvars.o(.data)
    hadc1                                    0x20000060   Data          72  main.o(.bss)
    hi2c1                                    0x200000a8   Data          84  main.o(.bss)
    hi2s3                                    0x200000fc   Data          72  main.o(.bss)
    hspi1                                    0x20000144   Data          88  main.o(.bss)
    htim1                                    0x2000019c   Data          64  main.o(.bss)
    Bandera                                  0x200001dc   Data          40  main.o(.bss)
    ManualAct                                0x20000204   Data          12  main.o(.bss)
    hUsbHostFS                               0x20000210   Data         972  usb_host.o(.bss)
    hhcd_USB_OTG_FS                          0x200005dc   Data         708  usbh_conf.o(.bss)
    __heap_base                              0x200008a0   Data           0  startup_stm32f411xe.o(HEAP)
    __heap_limit                             0x20000aa0   Data           0  startup_stm32f411xe.o(HEAP)
    __initial_sp                             0x20000ea0   Data           0  startup_stm32f411xe.o(STACK)



==============================================================================

Memory Map of the image

  Image Entry point : 0x08000199

  Load Region LR_IROM1 (Base: 0x08000000, Size: 0x00004a7c, Max: 0x00080000, ABSOLUTE)

    Execution Region ER_IROM1 (Exec base: 0x08000000, Load base: 0x08000000, Size: 0x00004a1c, Max: 0x00080000, ABSOLUTE)

    Exec Addr    Load Addr    Size         Type   Attr      Idx    E Section Name        Object

    0x08000000   0x08000000   0x00000198   Data   RO            3    RESET               startup_stm32f411xe.o
    0x08000198   0x08000198   0x00000000   Code   RO         5145  * .ARM.Collect$$$$00000000  mc_w.l(entry.o)
    0x08000198   0x08000198   0x00000004   Code   RO         5184    .ARM.Collect$$$$00000001  mc_w.l(entry2.o)
    0x0800019c   0x0800019c   0x00000004   Code   RO         5187    .ARM.Collect$$$$00000004  mc_w.l(entry5.o)
    0x080001a0   0x080001a0   0x00000000   Code   RO         5189    .ARM.Collect$$$$00000008  mc_w.l(entry7b.o)
    0x080001a0   0x080001a0   0x00000000   Code   RO         5191    .ARM.Collect$$$$0000000A  mc_w.l(entry8b.o)
    0x080001a0   0x080001a0   0x00000008   Code   RO         5192    .ARM.Collect$$$$0000000B  mc_w.l(entry9a.o)
    0x080001a8   0x080001a8   0x00000000   Code   RO         5194    .ARM.Collect$$$$0000000D  mc_w.l(entry10a.o)
    0x080001a8   0x080001a8   0x00000000   Code   RO         5196    .ARM.Collect$$$$0000000F  mc_w.l(entry11a.o)
    0x080001a8   0x080001a8   0x00000004   Code   RO         5185    .ARM.Collect$$$$00002712  mc_w.l(entry2.o)
    0x080001ac   0x080001ac   0x00000024   Code   RO            4    .text               startup_stm32f411xe.o
    0x080001d0   0x080001d0   0x00000062   Code   RO         5148    .text               mc_w.l(uldiv.o)
    0x08000232   0x08000232   0x00000024   Code   RO         5150    .text               mc_w.l(memcpya.o)
    0x08000256   0x08000256   0x00000024   Code   RO         5152    .text               mc_w.l(memseta.o)
    0x0800027a   0x0800027a   0x0000001e   Code   RO         5198    .text               mc_w.l(llshl.o)
    0x08000298   0x08000298   0x00000020   Code   RO         5200    .text               mc_w.l(llushr.o)
    0x080002b8   0x080002b8   0x00000024   Code   RO         5204    .text               mc_w.l(init.o)
    0x080002dc   0x080002dc   0x0000000c   Code   RO          510    i.ADC_IRQHandler    stm32f4xx_it.o
    0x080002e8   0x080002e8   0x00000128   Code   RO         2407    i.ADC_Init          stm32f4xx_hal_adc.o
    0x08000410   0x08000410   0x00000002   Code   RO          511    i.BusFault_Handler  stm32f4xx_it.o
    0x08000412   0x08000412   0x00000002   PAD
    0x08000414   0x08000414   0x00000068   Code   RO         5029    i.CDC_ProcessReception  usbh_cdc.o
    0x0800047c   0x0800047c   0x00000072   Code   RO         5030    i.CDC_ProcessTransmission  usbh_cdc.o
    0x080004ee   0x080004ee   0x00000002   PAD
    0x080004f0   0x080004f0   0x00000048   Code   RO         4687    i.DeInitStateMachine  usbh_core.o
    0x08000538   0x08000538   0x00000002   Code   RO          512    i.DebugMon_Handler  stm32f4xx_it.o
    0x0800053a   0x0800053a   0x00000006   Code   RO          513    i.EXTI1_IRQHandler  stm32f4xx_it.o
    0x08000540   0x08000540   0x00000006   Code   RO          514    i.EXTI2_IRQHandler  stm32f4xx_it.o
    0x08000546   0x08000546   0x00000006   Code   RO          515    i.EXTI3_IRQHandler  stm32f4xx_it.o
    0x0800054c   0x0800054c   0x00000006   Code   RO          516    i.EXTI4_IRQHandler  stm32f4xx_it.o
    0x08000552   0x08000552   0x00000012   Code   RO          517    i.EXTI9_5_IRQHandler  stm32f4xx_it.o
    0x08000564   0x08000564   0x00000002   Code   RO           13    i.Error_Handler     main.o
    0x08000566   0x08000566   0x00000002   PAD
    0x08000568   0x08000568   0x0000010c   Code   RO           14    i.GMM               main.o
    0x08000674   0x08000674   0x00000016   Code   RO         5031    i.GetLineCoding     usbh_cdc.o
    0x0800068a   0x0800068a   0x00000002   Code   RO         2578    i.HAL_ADCEx_InjectedConvCpltCallback  stm32f4xx_hal_adc_ex.o
    0x0800068c   0x0800068c   0x00000164   Code   RO         2409    i.HAL_ADC_ConfigChannel  stm32f4xx_hal_adc.o
    0x080007f0   0x080007f0   0x00000024   Code   RO           15    i.HAL_ADC_ConvCpltCallback  main.o
    0x08000814   0x08000814   0x00000002   Code   RO         2413    i.HAL_ADC_ErrorCallback  stm32f4xx_hal_adc.o
    0x08000816   0x08000816   0x00000006   Code   RO         2416    i.HAL_ADC_GetValue  stm32f4xx_hal_adc.o
    0x0800081c   0x0800081c   0x0000013c   Code   RO         2417    i.HAL_ADC_IRQHandler  stm32f4xx_hal_adc.o
    0x08000958   0x08000958   0x00000054   Code   RO         2418    i.HAL_ADC_Init      stm32f4xx_hal_adc.o
    0x080009ac   0x080009ac   0x00000002   Code   RO         2419    i.HAL_ADC_LevelOutOfWindowCallback  stm32f4xx_hal_adc.o
    0x080009ae   0x080009ae   0x00000002   PAD
    0x080009b0   0x080009b0   0x00000070   Code   RO          629    i.HAL_ADC_MspInit   stm32f4xx_hal_msp.o
    0x08000a20   0x08000a20   0x000000c8   Code   RO         2426    i.HAL_ADC_Start_IT  stm32f4xx_hal_adc.o
    0x08000ae8   0x08000ae8   0x00000048   Code   RO         2429    i.HAL_ADC_Stop_IT   stm32f4xx_hal_adc.o
    0x08000b30   0x08000b30   0x00000024   Code   RO         2153    i.HAL_Delay         stm32f4xx_hal.o
    0x08000b54   0x08000b54   0x00000044   Code   RO           16    i.HAL_GPIO_EXTI_Callback  main.o
    0x08000b98   0x08000b98   0x00000018   Code   RO         1602    i.HAL_GPIO_EXTI_IRQHandler  stm32f4xx_hal_gpio.o
    0x08000bb0   0x08000bb0   0x00000194   Code   RO         1603    i.HAL_GPIO_Init     stm32f4xx_hal_gpio.o
    0x08000d44   0x08000d44   0x0000000a   Code   RO         1605    i.HAL_GPIO_ReadPin  stm32f4xx_hal_gpio.o
    0x08000d4e   0x08000d4e   0x0000000e   Code   RO         1606    i.HAL_GPIO_TogglePin  stm32f4xx_hal_gpio.o
    0x08000d5c   0x08000d5c   0x0000000a   Code   RO         1607    i.HAL_GPIO_WritePin  stm32f4xx_hal_gpio.o
    0x08000d66   0x08000d66   0x00000002   PAD
    0x08000d68   0x08000d68   0x0000000c   Code   RO         2159    i.HAL_GetTick       stm32f4xx_hal.o
    0x08000d74   0x08000d74   0x00000008   Code   RO          305    i.HAL_HCD_Connect_Callback  usbh_conf.o
    0x08000d7c   0x08000d7c   0x00000008   Code   RO          306    i.HAL_HCD_Disconnect_Callback  usbh_conf.o
    0x08000d84   0x08000d84   0x00000006   Code   RO          721    i.HAL_HCD_GetCurrentFrame  stm32f4xx_hal_hcd.o
    0x08000d8a   0x08000d8a   0x00000006   Code   RO          722    i.HAL_HCD_GetCurrentSpeed  stm32f4xx_hal_hcd.o
    0x08000d90   0x08000d90   0x0000000e   Code   RO          725    i.HAL_HCD_HC_GetURBState  stm32f4xx_hal_hcd.o
    0x08000d9e   0x08000d9e   0x0000000c   Code   RO          726    i.HAL_HCD_HC_GetXferCount  stm32f4xx_hal_hcd.o
    0x08000daa   0x08000daa   0x00000024   Code   RO          727    i.HAL_HCD_HC_Halt   stm32f4xx_hal_hcd.o
    0x08000dce   0x08000dce   0x00000072   Code   RO          728    i.HAL_HCD_HC_Init   stm32f4xx_hal_hcd.o
    0x08000e40   0x08000e40   0x00000002   Code   RO          307    i.HAL_HCD_HC_NotifyURBChange_Callback  usbh_conf.o
    0x08000e42   0x08000e42   0x0000008e   Code   RO          730    i.HAL_HCD_HC_SubmitRequest  stm32f4xx_hal_hcd.o
    0x08000ed0   0x08000ed0   0x00000132   Code   RO          731    i.HAL_HCD_IRQHandler  stm32f4xx_hal_hcd.o
    0x08001002   0x08001002   0x00000072   Code   RO          732    i.HAL_HCD_Init      stm32f4xx_hal_hcd.o
    0x08001074   0x08001074   0x00000098   Code   RO          309    i.HAL_HCD_MspInit   usbh_conf.o
    0x0800110c   0x0800110c   0x00000008   Code   RO          310    i.HAL_HCD_PortDisabled_Callback  usbh_conf.o
    0x08001114   0x08001114   0x00000008   Code   RO          311    i.HAL_HCD_PortEnabled_Callback  usbh_conf.o
    0x0800111c   0x0800111c   0x00000006   Code   RO          737    i.HAL_HCD_ResetPort  stm32f4xx_hal_hcd.o
    0x08001122   0x08001122   0x00000008   Code   RO          312    i.HAL_HCD_SOF_Callback  usbh_conf.o
    0x0800112a   0x0800112a   0x0000002c   Code   RO          739    i.HAL_HCD_Start     stm32f4xx_hal_hcd.o
    0x08001156   0x08001156   0x00000024   Code   RO          740    i.HAL_HCD_Stop      stm32f4xx_hal_hcd.o
    0x0800117a   0x0800117a   0x00000002   PAD
    0x0800117c   0x0800117c   0x00000188   Code   RO         2690    i.HAL_I2C_Init      stm32f4xx_hal_i2c.o
    0x08001304   0x08001304   0x0000006c   Code   RO          631    i.HAL_I2C_MspInit   stm32f4xx_hal_msp.o
    0x08001370   0x08001370   0x000001f4   Code   RO         3315    i.HAL_I2SEx_FullDuplex_IRQHandler  stm32f4xx_hal_i2s_ex.o
    0x08001564   0x08001564   0x00000002   Code   RO         3319    i.HAL_I2SEx_TxRxCpltCallback  stm32f4xx_hal_i2s_ex.o
    0x08001566   0x08001566   0x00000002   Code   RO         3140    i.HAL_I2S_ErrorCallback  stm32f4xx_hal_i2s.o
    0x08001568   0x08001568   0x00000174   Code   RO         3144    i.HAL_I2S_Init      stm32f4xx_hal_i2s.o
    0x080016dc   0x080016dc   0x00000090   Code   RO          633    i.HAL_I2S_MspInit   stm32f4xx_hal_msp.o
    0x0800176c   0x0800176c   0x00000002   Code   RO         3150    i.HAL_I2S_RxCpltCallback  stm32f4xx_hal_i2s.o
    0x0800176e   0x0800176e   0x00000002   Code   RO         3155    i.HAL_I2S_TxCpltCallback  stm32f4xx_hal_i2s.o
    0x08001770   0x08001770   0x00000010   Code   RO         2165    i.HAL_IncTick       stm32f4xx_hal.o
    0x08001780   0x08001780   0x00000034   Code   RO         2166    i.HAL_Init          stm32f4xx_hal.o
    0x080017b4   0x080017b4   0x00000040   Code   RO         2167    i.HAL_InitTick      stm32f4xx_hal.o
    0x080017f4   0x080017f4   0x00000030   Code   RO          634    i.HAL_MspInit       stm32f4xx_hal_msp.o
    0x08001824   0x08001824   0x0000001a   Code   RO         2016    i.HAL_NVIC_EnableIRQ  stm32f4xx_hal_cortex.o
    0x0800183e   0x0800183e   0x00000002   PAD
    0x08001840   0x08001840   0x00000040   Code   RO         2022    i.HAL_NVIC_SetPriority  stm32f4xx_hal_cortex.o
    0x08001880   0x08001880   0x00000024   Code   RO         2023    i.HAL_NVIC_SetPriorityGrouping  stm32f4xx_hal_cortex.o
    0x080018a4   0x080018a4   0x00000060   Code   RO         1299    i.HAL_RCCEx_GetPeriphCLKFreq  stm32f4xx_hal_rcc_ex.o
    0x08001904   0x08001904   0x00000154   Code   RO         1300    i.HAL_RCCEx_PeriphCLKConfig  stm32f4xx_hal_rcc_ex.o
    0x08001a58   0x08001a58   0x00000134   Code   RO         1195    i.HAL_RCC_ClockConfig  stm32f4xx_hal_rcc.o
    0x08001b8c   0x08001b8c   0x00000020   Code   RO         1202    i.HAL_RCC_GetPCLK1Freq  stm32f4xx_hal_rcc.o
    0x08001bac   0x08001bac   0x00000060   Code   RO         1204    i.HAL_RCC_GetSysClockFreq  stm32f4xx_hal_rcc.o
    0x08001c0c   0x08001c0c   0x0000035c   Code   RO         1207    i.HAL_RCC_OscConfig  stm32f4xx_hal_rcc.o
    0x08001f68   0x08001f68   0x00000080   Code   RO         3410    i.HAL_SPI_Init      stm32f4xx_hal_spi.o
    0x08001fe8   0x08001fe8   0x00000068   Code   RO          636    i.HAL_SPI_MspInit   stm32f4xx_hal_msp.o
    0x08002050   0x08002050   0x00000028   Code   RO         2027    i.HAL_SYSTICK_Config  stm32f4xx_hal_cortex.o
    0x08002078   0x08002078   0x00000054   Code   RO         4401    i.HAL_TIMEx_ConfigBreakDeadTime  stm32f4xx_hal_tim_ex.o
    0x080020cc   0x080020cc   0x0000007c   Code   RO         4416    i.HAL_TIMEx_MasterConfigSynchronization  stm32f4xx_hal_tim_ex.o
    0x08002148   0x08002148   0x00000078   Code   RO          637    i.HAL_TIM_MspPostInit  stm32f4xx_hal_msp.o
    0x080021c0   0x080021c0   0x000000d0   Code   RO         3790    i.HAL_TIM_PWM_ConfigChannel  stm32f4xx_hal_tim.o
    0x08002290   0x08002290   0x00000036   Code   RO         3793    i.HAL_TIM_PWM_Init  stm32f4xx_hal_tim.o
    0x080022c6   0x080022c6   0x00000002   PAD
    0x080022c8   0x080022c8   0x00000028   Code   RO          639    i.HAL_TIM_PWM_MspInit  stm32f4xx_hal_msp.o
    0x080022f0   0x080022f0   0x00000038   Code   RO         3798    i.HAL_TIM_PWM_Start  stm32f4xx_hal_tim.o
    0x08002328   0x08002328   0x0000022c   Code   RO          741    i.HCD_HC_IN_IRQHandler  stm32f4xx_hal_hcd.o
    0x08002554   0x08002554   0x00000244   Code   RO          742    i.HCD_HC_OUT_IRQHandler  stm32f4xx_hal_hcd.o
    0x08002798   0x08002798   0x000000b8   Code   RO          743    i.HCD_Port_IRQHandler  stm32f4xx_hal_hcd.o
    0x08002850   0x08002850   0x00000070   Code   RO          744    i.HCD_RXQLVL_IRQHandler  stm32f4xx_hal_hcd.o
    0x080028c0   0x080028c0   0x00000002   Code   RO          518    i.HardFault_Handler  stm32f4xx_it.o
    0x080028c2   0x080028c2   0x00000002   PAD
    0x080028c4   0x080028c4   0x00000060   Code   RO         3322    i.I2SEx_RxISR_I2SExt  stm32f4xx_hal_i2s_ex.o
    0x08002924   0x08002924   0x00000060   Code   RO         3323    i.I2SEx_TxISR_I2SExt  stm32f4xx_hal_i2s_ex.o
    0x08002984   0x08002984   0x000000f2   Code   RO         3162    i.I2S_IRQHandler    stm32f4xx_hal_i2s.o
    0x08002a76   0x08002a76   0x00000002   PAD
    0x08002a78   0x08002a78   0x00000058   Code   RO           17    i.MX_ADC1_Init      main.o
    0x08002ad0   0x08002ad0   0x00000014   Code   RO          486    i.MX_DriverVbusFS   usbh_platform.o
    0x08002ae4   0x08002ae4   0x000001e8   Code   RO           18    i.MX_GPIO_Init      main.o
    0x08002ccc   0x08002ccc   0x00000034   Code   RO           19    i.MX_SPI1_Init      main.o
    0x08002d00   0x08002d00   0x00000088   Code   RO           20    i.MX_TIM1_Init      main.o
    0x08002d88   0x08002d88   0x00000040   Code   RO          233    i.MX_USB_HOST_Init  usb_host.o
    0x08002dc8   0x08002dc8   0x0000000c   Code   RO          234    i.MX_USB_HOST_Process  usb_host.o
    0x08002dd4   0x08002dd4   0x0000007c   Code   RO           21    i.Marcha            main.o
    0x08002e50   0x08002e50   0x00000002   Code   RO          519    i.MemManage_Handler  stm32f4xx_it.o
    0x08002e52   0x08002e52   0x00000002   PAD
    0x08002e54   0x08002e54   0x00000138   Code   RO           22    i.ModoAutomatico    main.o
    0x08002f8c   0x08002f8c   0x00000154   Code   RO           23    i.ModoManual        main.o
    0x080030e0   0x080030e0   0x00000002   Code   RO          520    i.NMI_Handler       stm32f4xx_it.o
    0x080030e2   0x080030e2   0x00000002   PAD
    0x080030e4   0x080030e4   0x0000000c   Code   RO          521    i.OTG_FS_IRQHandler  stm32f4xx_it.o
    0x080030f0   0x080030f0   0x00000002   Code   RO          522    i.PendSV_Handler    stm32f4xx_it.o
    0x080030f2   0x080030f2   0x00000002   Code   RO          523    i.SVC_Handler       stm32f4xx_it.o
    0x080030f4   0x080030f4   0x00000004   Code   RO          524    i.SysTick_Handler   stm32f4xx_it.o
    0x080030f8   0x080030f8   0x000000a0   Code   RO           24    i.SystemClock_Config  main.o
    0x08003198   0x08003198   0x0000001c   Code   RO         4650    i.SystemInit        system_stm32f4xx.o
    0x080031b4   0x080031b4   0x00000098   Code   RO         3811    i.TIM_Base_SetConfig  stm32f4xx_hal_tim.o
    0x0800324c   0x0800324c   0x0000001a   Code   RO         3812    i.TIM_CCxChannelCmd  stm32f4xx_hal_tim.o
    0x08003266   0x08003266   0x00000002   PAD
    0x08003268   0x08003268   0x00000050   Code   RO         3824    i.TIM_OC1_SetConfig  stm32f4xx_hal_tim.o
    0x080032b8   0x080032b8   0x00000058   Code   RO         3825    i.TIM_OC2_SetConfig  stm32f4xx_hal_tim.o
    0x08003310   0x08003310   0x00000058   Code   RO         3826    i.TIM_OC3_SetConfig  stm32f4xx_hal_tim.o
    0x08003368   0x08003368   0x00000044   Code   RO         3827    i.TIM_OC4_SetConfig  stm32f4xx_hal_tim.o
    0x080033ac   0x080033ac   0x00000034   Code   RO         4987    i.USBH_AllocPipe    usbh_pipes.o
    0x080033e0   0x080033e0   0x00000020   Code   RO         4915    i.USBH_BulkReceiveData  usbh_ioreq.o
    0x08003400   0x08003400   0x00000028   Code   RO         4916    i.USBH_BulkSendData  usbh_ioreq.o
    0x08003428   0x08003428   0x00000024   Code   RO         5032    i.USBH_CDC_ClassRequest  usbh_cdc.o
    0x0800344c   0x0800344c   0x0000005e   Code   RO         5035    i.USBH_CDC_InterfaceDeInit  usbh_cdc.o
    0x080034aa   0x080034aa   0x00000134   Code   RO         5036    i.USBH_CDC_InterfaceInit  usbh_cdc.o
    0x080035de   0x080035de   0x00000002   Code   RO         5037    i.USBH_CDC_LineCodingChanged  usbh_cdc.o
    0x080035e0   0x080035e0   0x000000b8   Code   RO         5038    i.USBH_CDC_Process  usbh_cdc.o
    0x08003698   0x08003698   0x00000002   Code   RO         5040    i.USBH_CDC_ReceiveCallback  usbh_cdc.o
    0x0800369a   0x0800369a   0x00000004   Code   RO         5041    i.USBH_CDC_SOFProcess  usbh_cdc.o
    0x0800369e   0x0800369e   0x00000002   Code   RO         5045    i.USBH_CDC_TransmitCallback  usbh_cdc.o
    0x080036a0   0x080036a0   0x0000000a   Code   RO         4988    i.USBH_ClosePipe    usbh_pipes.o
    0x080036aa   0x080036aa   0x0000001e   Code   RO         4821    i.USBH_ClrFeature   usbh_ctlreq.o
    0x080036c8   0x080036c8   0x0000001e   Code   RO         4917    i.USBH_CtlReceiveData  usbh_ioreq.o
    0x080036e6   0x080036e6   0x0000003a   Code   RO         4822    i.USBH_CtlReq       usbh_ctlreq.o
    0x08003720   0x08003720   0x00000028   Code   RO         4918    i.USBH_CtlSendData  usbh_ioreq.o
    0x08003748   0x08003748   0x0000001e   Code   RO         4919    i.USBH_CtlSendSetup  usbh_ioreq.o
    0x08003766   0x08003766   0x00000004   Code   RO          313    i.USBH_Delay        usbh_conf.o
    0x0800376a   0x0800376a   0x00000002   PAD
    0x0800376c   0x0800376c   0x00000044   Code   RO         4689    i.USBH_FindInterface  usbh_core.o
    0x080037b0   0x080037b0   0x00000018   Code   RO         4989    i.USBH_FreePipe     usbh_pipes.o
    0x080037c8   0x080037c8   0x00000034   Code   RO         4823    i.USBH_GetDescriptor  usbh_ctlreq.o
    0x080037fc   0x080037fc   0x0000000e   Code   RO         4824    i.USBH_GetNextDesc  usbh_ctlreq.o
    0x0800380a   0x0800380a   0x0000002c   Code   RO         4825    i.USBH_Get_CfgDesc  usbh_ctlreq.o
    0x08003836   0x08003836   0x00000090   Code   RO         4826    i.USBH_Get_DevDesc  usbh_ctlreq.o
    0x080038c6   0x080038c6   0x00000048   Code   RO         4827    i.USBH_Get_StringDesc  usbh_ctlreq.o
    0x0800390e   0x0800390e   0x00000018   Code   RO          314    i.USBH_Get_USB_Status  usbh_conf.o
    0x08003926   0x08003926   0x0000018a   Code   RO         4828    i.USBH_HandleControl  usbh_ctlreq.o
    0x08003ab0   0x08003ab0   0x000000f2   Code   RO         4692    i.USBH_HandleEnum   usbh_core.o
    0x08003ba2   0x08003ba2   0x00000030   Code   RO         4693    i.USBH_Init         usbh_core.o
    0x08003bd2   0x08003bd2   0x00000012   Code   RO          315    i.USBH_LL_ClosePipe  usbh_conf.o
    0x08003be4   0x08003be4   0x0000002a   Code   RO         4695    i.USBH_LL_Connect   usbh_core.o
    0x08003c0e   0x08003c0e   0x00000038   Code   RO         4696    i.USBH_LL_Disconnect  usbh_core.o
    0x08003c46   0x08003c46   0x0000001a   Code   RO          317    i.USBH_LL_DriverVBUS  usbh_conf.o
    0x08003c60   0x08003c60   0x00000008   Code   RO          318    i.USBH_LL_GetLastXferSize  usbh_conf.o
    0x08003c68   0x08003c68   0x00000022   Code   RO          319    i.USBH_LL_GetSpeed  usbh_conf.o
    0x08003c8a   0x08003c8a   0x00000008   Code   RO          321    i.USBH_LL_GetURBState  usbh_conf.o
    0x08003c92   0x08003c92   0x0000001e   Code   RO         4697    i.USBH_LL_IncTimer  usbh_core.o
    0x08003cb0   0x08003cb0   0x00000050   Code   RO          322    i.USBH_LL_Init      usbh_conf.o
    0x08003d00   0x08003d00   0x0000001c   Code   RO          323    i.USBH_LL_OpenPipe  usbh_conf.o
    0x08003d1c   0x08003d1c   0x00000008   Code   RO         4698    i.USBH_LL_PortDisabled  usbh_core.o
    0x08003d24   0x08003d24   0x00000008   Code   RO         4699    i.USBH_LL_PortEnabled  usbh_core.o
    0x08003d2c   0x08003d2c   0x00000012   Code   RO          324    i.USBH_LL_ResetPort  usbh_conf.o
    0x08003d3e   0x08003d3e   0x00000006   Code   RO         4700    i.USBH_LL_SetTimer  usbh_core.o
    0x08003d44   0x08003d44   0x00000020   Code   RO          325    i.USBH_LL_SetToggle  usbh_conf.o
    0x08003d64   0x08003d64   0x00000012   Code   RO          326    i.USBH_LL_Start     usbh_conf.o
    0x08003d76   0x08003d76   0x00000012   Code   RO          327    i.USBH_LL_Stop      usbh_conf.o
    0x08003d88   0x08003d88   0x00000022   Code   RO          328    i.USBH_LL_SubmitURB  usbh_conf.o
    0x08003daa   0x08003daa   0x00000014   Code   RO         4990    i.USBH_OpenPipe     usbh_pipes.o
    0x08003dbe   0x08003dbe   0x000000dc   Code   RO         4829    i.USBH_ParseCfgDesc  usbh_ctlreq.o
    0x08003e9a   0x08003e9a   0x000001a0   Code   RO         4701    i.USBH_Process      usbh_core.o
    0x0800403a   0x0800403a   0x0000001c   Code   RO         4703    i.USBH_RegisterClass  usbh_core.o
    0x08004056   0x08004056   0x00000016   Code   RO         4704    i.USBH_SelectInterface  usbh_core.o
    0x0800406c   0x0800406c   0x0000001c   Code   RO         4830    i.USBH_SetAddress   usbh_ctlreq.o
    0x08004088   0x08004088   0x0000001c   Code   RO         4831    i.USBH_SetCfg       usbh_ctlreq.o
    0x080040a4   0x080040a4   0x0000001c   Code   RO         4832    i.USBH_SetFeature   usbh_ctlreq.o
    0x080040c0   0x080040c0   0x00000014   Code   RO         4705    i.USBH_Start        usbh_core.o
    0x080040d4   0x080040d4   0x00000020   Code   RO          235    i.USBH_UserProcess  usb_host.o
    0x080040f4   0x080040f4   0x00000074   Code   RO          899    i.USB_CoreInit      stm32f4xx_ll_usb.o
    0x08004168   0x08004168   0x00000038   Code   RO          900    i.USB_CoreReset     stm32f4xx_ll_usb.o
    0x080041a0   0x080041a0   0x0000000c   Code   RO          907    i.USB_DisableGlobalInt  stm32f4xx_ll_usb.o
    0x080041ac   0x080041ac   0x00000024   Code   RO          908    i.USB_DoPing        stm32f4xx_ll_usb.o
    0x080041d0   0x080041d0   0x0000002c   Code   RO          909    i.USB_DriveVbus     stm32f4xx_ll_usb.o
    0x080041fc   0x080041fc   0x0000000c   Code   RO          915    i.USB_EnableGlobalInt  stm32f4xx_ll_usb.o
    0x08004208   0x08004208   0x00000020   Code   RO          916    i.USB_FlushRxFifo   stm32f4xx_ll_usb.o
    0x08004228   0x08004228   0x00000024   Code   RO          917    i.USB_FlushTxFifo   stm32f4xx_ll_usb.o
    0x0800424c   0x0800424c   0x00000008   Code   RO          918    i.USB_GetCurrentFrame  stm32f4xx_ll_usb.o
    0x08004254   0x08004254   0x0000000e   Code   RO          920    i.USB_GetHostSpeed  stm32f4xx_ll_usb.o
    0x08004262   0x08004262   0x00000008   Code   RO          921    i.USB_GetMode       stm32f4xx_ll_usb.o
    0x0800426a   0x0800426a   0x000000c2   Code   RO          922    i.USB_HC_Halt       stm32f4xx_ll_usb.o
    0x0800432c   0x0800432c   0x000000f0   Code   RO          923    i.USB_HC_Init       stm32f4xx_ll_usb.o
    0x0800441c   0x0800441c   0x00000008   Code   RO          924    i.USB_HC_ReadInterrupt  stm32f4xx_ll_usb.o
    0x08004424   0x08004424   0x00000150   Code   RO          925    i.USB_HC_StartXfer  stm32f4xx_ll_usb.o
    0x08004574   0x08004574   0x000000d8   Code   RO          926    i.USB_HostInit      stm32f4xx_ll_usb.o
    0x0800464c   0x0800464c   0x00000036   Code   RO          927    i.USB_InitFSLSPClkSel  stm32f4xx_ll_usb.o
    0x08004682   0x08004682   0x00000008   Code   RO          932    i.USB_ReadInterrupts  stm32f4xx_ll_usb.o
    0x0800468a   0x0800468a   0x0000001c   Code   RO          933    i.USB_ReadPacket    stm32f4xx_ll_usb.o
    0x080046a6   0x080046a6   0x00000032   Code   RO          934    i.USB_ResetPort     stm32f4xx_ll_usb.o
    0x080046d8   0x080046d8   0x0000002e   Code   RO          935    i.USB_SetCurrentMode  stm32f4xx_ll_usb.o
    0x08004706   0x08004706   0x00000002   PAD
    0x08004708   0x08004708   0x0000007e   Code   RO          940    i.USB_StopHost      stm32f4xx_ll_usb.o
    0x08004786   0x08004786   0x00000024   Code   RO          941    i.USB_WritePacket   stm32f4xx_ll_usb.o
    0x080047aa   0x080047aa   0x00000002   Code   RO          525    i.UsageFault_Handler  stm32f4xx_it.o
    0x080047ac   0x080047ac   0x00000020   Code   RO         2029    i.__NVIC_SetPriority  stm32f4xx_hal_cortex.o
    0x080047cc   0x080047cc   0x0000000e   Code   RO         5208    i.__scatterload_copy  mc_w.l(handlers.o)
    0x080047da   0x080047da   0x00000002   Code   RO         5209    i.__scatterload_null  mc_w.l(handlers.o)
    0x080047dc   0x080047dc   0x0000000e   Code   RO         5210    i.__scatterload_zeroinit  mc_w.l(handlers.o)
    0x080047ea   0x080047ea   0x00000002   PAD
    0x080047ec   0x080047ec   0x00000050   Code   RO         5156    i.free              mc_w.l(malloc.o)
    0x0800483c   0x0800483c   0x00000138   Code   RO           25    i.main              main.o
    0x08004974   0x08004974   0x0000006c   Code   RO         5157    i.malloc            mc_w.l(malloc.o)
    0x080049e0   0x080049e0   0x00000010   Data   RO         4651    .constdata          system_stm32f4xx.o
    0x080049f0   0x080049f0   0x00000008   Data   RO         4652    .constdata          system_stm32f4xx.o
    0x080049f8   0x080049f8   0x00000004   Data   RO         5046    .conststring        usbh_cdc.o
    0x080049fc   0x080049fc   0x00000020   Data   RO         5206    Region$$Table       anon$$obj.o


    Execution Region RW_IRAM1 (Exec base: 0x20000000, Load base: 0x08004a1c, Size: 0x00000ea0, Max: 0x00020000, ABSOLUTE)

    Exec Addr    Load Addr    Size         Type   Attr      Idx    E Section Name        Object

    0x20000000   0x08004a1c   0x00000020   Data   RW           27    .data               main.o
    0x20000020   0x08004a3c   0x00000001   Data   RW          237    .data               usb_host.o
    0x20000021   0x08004a3d   0x00000003   PAD
    0x20000024   0x08004a40   0x00000004   Data   RW          942    .data               stm32f4xx_ll_usb.o
    0x20000028   0x08004a44   0x0000000c   Data   RW         2173    .data               stm32f4xx_hal.o
    0x20000034   0x08004a50   0x00000004   Data   RW         4653    .data               system_stm32f4xx.o
    0x20000038   0x08004a54   0x00000020   Data   RW         5047    .data               usbh_cdc.o
    0x20000058   0x08004a74   0x00000004   Data   RW         5202    .data               mc_w.l(mvars.o)
    0x2000005c   0x08004a78   0x00000004   Data   RW         5203    .data               mc_w.l(mvars.o)
    0x20000060        -       0x000001b0   Zero   RW           26    .bss                main.o
    0x20000210        -       0x000003cc   Zero   RW          236    .bss                usb_host.o
    0x200005dc        -       0x000002c4   Zero   RW          329    .bss                usbh_conf.o
    0x200008a0        -       0x00000200   Zero   RW            2    HEAP                startup_stm32f411xe.o
    0x20000aa0        -       0x00000400   Zero   RW            1    STACK               startup_stm32f411xe.o


==============================================================================

Image component sizes


      Code (inc. data)   RO Data    RW Data    ZI Data      Debug   Object Name

      2386        174          0         32        432     463687   main.o
        36          8        408          0       1536        856   startup_stm32f411xe.o
       180         28          0         12          0       9433   stm32f4xx_hal.o
      1334         58          0          0          0       7199   stm32f4xx_hal_adc.o
         2          0          0          0          0       1025   stm32f4xx_hal_adc_ex.o
       198         14          0          0          0      34079   stm32f4xx_hal_cortex.o
       462         40          0          0          0       4419   stm32f4xx_hal_gpio.o
      2268          4          0          0          0      14077   stm32f4xx_hal_hcd.o
       392         16          0          0          0       3091   stm32f4xx_hal_i2c.o
       620         18          0          0          0       4293   stm32f4xx_hal_i2s.o
       694         24          0          0          0       3855   stm32f4xx_hal_i2s_ex.o
       676         86          0          0          0       5226   stm32f4xx_hal_msp.o
      1296         66          0          0          0       4741   stm32f4xx_hal_rcc.o
       436         48          0          0          0       2329   stm32f4xx_hal_rcc_ex.o
       128          0          0          0          0       1207   stm32f4xx_hal_spi.o
       820         54          0          0          0       8186   stm32f4xx_hal_tim.o
       208         20          0          0          0       2232   stm32f4xx_hal_tim_ex.o
        86         12          0          0          0       7680   stm32f4xx_it.o
      1716         52          0          4          0      18705   stm32f4xx_ll_usb.o
        28          6         24          4          0       1191   system_stm32f4xx.o
       108         22          0          1        972       9898   usb_host.o
       872          6          4         32          0      13036   usbh_cdc.o
       544         16          0          0        708      13253   usbh_conf.o
      1066         20          0          0          0      11316   usbh_core.o
      1112         12          0          0          0      10878   usbh_ctlreq.o
       172          0          0          0          0       4488   usbh_ioreq.o
       106          0          0          0          0       3470   usbh_pipes.o
        20          4          0          0          0        542   usbh_platform.o

    ----------------------------------------------------------------------
     17996        808        468         88       3648     664392   Object Totals
         0          0         32          0          0          0   (incl. Generated)
        30          0          0          3          0          0   (incl. Padding)

    ----------------------------------------------------------------------

      Code (inc. data)   RO Data    RW Data    ZI Data      Debug   Library Member Name

         0          0          0          0          0          0   entry.o
         0          0          0          0          0          0   entry10a.o
         0          0          0          0          0          0   entry11a.o
         8          4          0          0          0          0   entry2.o
         4          0          0          0          0          0   entry5.o
         0          0          0          0          0          0   entry7b.o
         0          0          0          0          0          0   entry8b.o
         8          4          0          0          0          0   entry9a.o
        30          0          0          0          0          0   handlers.o
        36          8          0          0          0         68   init.o
        30          0          0          0          0         68   llshl.o
        32          0          0          0          0         68   llushr.o
       188         20          0          0          0        160   malloc.o
        36          0          0          0          0         68   memcpya.o
        36          0          0          0          0        108   memseta.o
         0          0          0          8          0          0   mvars.o
        98          0          0          0          0         92   uldiv.o

    ----------------------------------------------------------------------
       508         36          0          8          0        632   Library Totals
         2          0          0          0          0          0   (incl. Padding)

    ----------------------------------------------------------------------

      Code (inc. data)   RO Data    RW Data    ZI Data      Debug   Library Name

       506         36          0          8          0        632   mc_w.l

    ----------------------------------------------------------------------
       508         36          0          8          0        632   Library Totals

    ----------------------------------------------------------------------

==============================================================================


      Code (inc. data)   RO Data    RW Data    ZI Data      Debug   

     18504        844        468         96       3648     645868   Grand Totals
     18504        844        468         96       3648     645868   ELF Image Totals
     18504        844        468         96          0          0   ROM Totals

==============================================================================

    Total RO  Size (Code + RO Data)                18972 (  18.53kB)
    Total RW  Size (RW Data + ZI Data)              3744 (   3.66kB)
    Total ROM Size (Code + RO Data + RW Data)      19068 (  18.62kB)

==============================================================================

